[debug] [2026-07-05T15:02:40.397Z] ----------------------------------------------------------------------
[debug] [2026-07-05T15:02:40.410Z] Command:       /Users/connortyrrell/.nvm/versions/node/v24.11.0/bin/node /Users/connortyrrell/.nvm/versions/node/v24.11.0/bin/firebase deploy --only functions
[debug] [2026-07-05T15:02:40.411Z] CLI Version:   15.22.4
[debug] [2026-07-05T15:02:40.411Z] Platform:      darwin
[debug] [2026-07-05T15:02:40.411Z] Node Version:  v24.11.0
[debug] [2026-07-05T15:02:40.412Z] Detected Agent: unknown
[debug] [2026-07-05T15:02:40.413Z] Time:          Sun Jul 05 2026 11:02:40 GMT-0400 (Eastern Daylight Time)
[debug] [2026-07-05T15:02:40.414Z] ----------------------------------------------------------------------
[debug] 
[debug] [2026-07-05T15:02:41.983Z] > command requires scopes: ["email","openid","https://www.googleapis.com/auth/cloudplatformprojects.readonly","https://www.googleapis.com/auth/firebase","https://www.googleapis.com/auth/cloud-platform"]
[debug] [2026-07-05T15:02:41.985Z] > authorizing via signed-in user (connort@gmail.com)
[debug] [2026-07-05T15:02:41.986Z] [iam] checking project molkky-scores-6ee0d for permissions ["cloudfunctions.functions.create","cloudfunctions.functions.delete","cloudfunctions.functions.get","cloudfunctions.functions.list","cloudfunctions.functions.update","cloudfunctions.operations.get","firebase.projects.get"]
[debug] [2026-07-05T15:02:41.989Z] Checked if tokens are valid: false, expires at: 1783263190096
[debug] [2026-07-05T15:02:41.989Z] Checked if tokens are valid: false, expires at: 1783263190096
[debug] [2026-07-05T15:02:41.989Z] > refreshing access token with scopes: []
[debug] [2026-07-05T15:02:41.991Z] >>> [apiv2][query] POST https://www.googleapis.com/oauth2/v3/token [none]
[debug] [2026-07-05T15:02:41.991Z] >>> [apiv2][body] POST https://www.googleapis.com/oauth2/v3/token [omitted]
[debug] [2026-07-05T15:02:42.308Z] <<< [apiv2][status] POST https://www.googleapis.com/oauth2/v3/token 200
[debug] [2026-07-05T15:02:42.308Z] <<< [apiv2][body] POST https://www.googleapis.com/oauth2/v3/token [omitted]
[debug] [2026-07-05T15:02:42.327Z] >>> [apiv2][query] POST https://cloudresourcemanager.googleapis.com/v1/projects/molkky-scores-6ee0d:testIamPermissions [none]
[debug] [2026-07-05T15:02:42.327Z] >>> [apiv2][(partial)header] POST https://cloudresourcemanager.googleapis.com/v1/projects/molkky-scores-6ee0d:testIamPermissions  x-goog-user-project=molkky-scores-6ee0d
[debug] [2026-07-05T15:02:42.327Z] >>> [apiv2][body] POST https://cloudresourcemanager.googleapis.com/v1/projects/molkky-scores-6ee0d:testIamPermissions {"permissions":["cloudfunctions.functions.create","cloudfunctions.functions.delete","cloudfunctions.functions.get","cloudfunctions.functions.list","cloudfunctions.functions.update","cloudfunctions.operations.get","firebase.projects.get"]}
[debug] [2026-07-05T15:02:42.622Z] <<< [apiv2][status] POST https://cloudresourcemanager.googleapis.com/v1/projects/molkky-scores-6ee0d:testIamPermissions 200
[debug] [2026-07-05T15:02:42.622Z] <<< [apiv2][body] POST https://cloudresourcemanager.googleapis.com/v1/projects/molkky-scores-6ee0d:testIamPermissions {"permissions":["cloudfunctions.functions.create","cloudfunctions.functions.delete","cloudfunctions.functions.get","cloudfunctions.functions.list","cloudfunctions.functions.update","cloudfunctions.operations.get","firebase.projects.get"]}
[debug] [2026-07-05T15:02:42.623Z] Checked if tokens are valid: true, expires at: 1783267361308
[debug] [2026-07-05T15:02:42.623Z] Checked if tokens are valid: true, expires at: 1783267361308
[debug] [2026-07-05T15:02:42.624Z] >>> [apiv2][query] POST https://iam.googleapis.com/v1/projects/molkky-scores-6ee0d/serviceAccounts/molkky-scores-6ee0d@appspot.gserviceaccount.com:testIamPermissions [none]
[debug] [2026-07-05T15:02:42.624Z] >>> [apiv2][body] POST https://iam.googleapis.com/v1/projects/molkky-scores-6ee0d/serviceAccounts/molkky-scores-6ee0d@appspot.gserviceaccount.com:testIamPermissions {"permissions":["iam.serviceAccounts.actAs"]}
[debug] [2026-07-05T15:02:42.973Z] <<< [apiv2][status] POST https://iam.googleapis.com/v1/projects/molkky-scores-6ee0d/serviceAccounts/molkky-scores-6ee0d@appspot.gserviceaccount.com:testIamPermissions 404
[debug] [2026-07-05T15:02:42.973Z] <<< [apiv2][body] POST https://iam.googleapis.com/v1/projects/molkky-scores-6ee0d/serviceAccounts/molkky-scores-6ee0d@appspot.gserviceaccount.com:testIamPermissions {"error":{"code":404,"message":"Unknown service account","status":"NOT_FOUND"}}
[debug] [2026-07-05T15:02:42.974Z] [functions] service account IAM check errored, deploy may fail: Request to https://iam.googleapis.com/v1/projects/molkky-scores-6ee0d/serviceAccounts/molkky-scores-6ee0d@appspot.gserviceaccount.com:testIamPermissions had HTTP Error: 404, Unknown service account {"name":"FirebaseError","children":[],"context":{"body":{"error":{"code":404,"message":"Unknown service account","status":"NOT_FOUND"}},"response":{"statusCode":404}},"exit":1,"message":"Request to https://iam.googleapis.com/v1/projects/molkky-scores-6ee0d/serviceAccounts/molkky-scores-6ee0d@appspot.gserviceaccount.com:testIamPermissions had HTTP Error: 404, Unknown service account","status":404}
[info] 
[info] === Deploying to 'molkky-scores-6ee0d'...
[info] 
[info] i  deploying functions 
[info] Running command: npm --prefix "$RESOURCE_DIR" run build
[info] ✔  functions: Finished running predeploy script. 
[debug] [2026-07-05T15:02:46.403Z] Checked if tokens are valid: true, expires at: 1783267361308
[debug] [2026-07-05T15:02:46.403Z] Checked if tokens are valid: true, expires at: 1783267361308
[debug] [2026-07-05T15:02:46.403Z] >>> [apiv2][query] GET https://serviceusage.googleapis.com/v1/projects/molkky-scores-6ee0d/services/cloudresourcemanager.googleapis.com [none]
[debug] [2026-07-05T15:02:46.403Z] >>> [apiv2][(partial)header] GET https://serviceusage.googleapis.com/v1/projects/molkky-scores-6ee0d/services/cloudresourcemanager.googleapis.com  x-goog-user-project=molkky-scores-6ee0d
[debug] [2026-07-05T15:02:46.915Z] <<< [apiv2][status] GET https://serviceusage.googleapis.com/v1/projects/molkky-scores-6ee0d/services/cloudresourcemanager.googleapis.com 200
[debug] [2026-07-05T15:02:46.915Z] <<< [apiv2][body] GET https://serviceusage.googleapis.com/v1/projects/molkky-scores-6ee0d/services/cloudresourcemanager.googleapis.com [omitted]
[debug] [2026-07-05T15:02:46.921Z] Checked if tokens are valid: true, expires at: 1783267361308
[debug] [2026-07-05T15:02:46.921Z] Checked if tokens are valid: true, expires at: 1783267361308
[debug] [2026-07-05T15:02:46.921Z] >>> [apiv2][query] GET https://cloudresourcemanager.googleapis.com/v1/projects/molkky-scores-6ee0d [none]
[debug] [2026-07-05T15:02:47.033Z] <<< [apiv2][status] GET https://cloudresourcemanager.googleapis.com/v1/projects/molkky-scores-6ee0d 200
[debug] [2026-07-05T15:02:47.033Z] <<< [apiv2][body] GET https://cloudresourcemanager.googleapis.com/v1/projects/molkky-scores-6ee0d {"projectNumber":"653554845937","projectId":"molkky-scores-6ee0d","lifecycleState":"ACTIVE","name":"Molkky Scores","labels":{"firebase":"enabled","firebase-core":"disabled"},"createTime":"2025-05-29T14:21:45.939099Z"}
[info] i  functions: preparing codebase default for deployment 
[info] i  functions: ensuring required API cloudfunctions.googleapis.com is enabled... 
[debug] [2026-07-05T15:02:47.036Z] Checked if tokens are valid: true, expires at: 1783267361308
[debug] [2026-07-05T15:02:47.037Z] Checked if tokens are valid: true, expires at: 1783267361308
[debug] [2026-07-05T15:02:47.037Z] Checked if tokens are valid: true, expires at: 1783267361308
[debug] [2026-07-05T15:02:47.038Z] Checked if tokens are valid: true, expires at: 1783267361308
[info] i  functions: ensuring required API cloudbuild.googleapis.com is enabled... 
[debug] [2026-07-05T15:02:47.039Z] Checked if tokens are valid: true, expires at: 1783267361308
[debug] [2026-07-05T15:02:47.040Z] Checked if tokens are valid: true, expires at: 1783267361308
[info] i  artifactregistry: ensuring required API artifactregistry.googleapis.com is enabled... 
[debug] [2026-07-05T15:02:47.042Z] Checked if tokens are valid: true, expires at: 1783267361308
[debug] [2026-07-05T15:02:47.042Z] Checked if tokens are valid: true, expires at: 1783267361308
[debug] [2026-07-05T15:02:47.043Z] >>> [apiv2][query] GET https://serviceusage.googleapis.com/v1/projects/molkky-scores-6ee0d/services/cloudfunctions.googleapis.com [none]
[debug] [2026-07-05T15:02:47.043Z] >>> [apiv2][(partial)header] GET https://serviceusage.googleapis.com/v1/projects/molkky-scores-6ee0d/services/cloudfunctions.googleapis.com  x-goog-user-project=molkky-scores-6ee0d
[debug] [2026-07-05T15:02:47.045Z] >>> [apiv2][query] GET https://serviceusage.googleapis.com/v1/projects/molkky-scores-6ee0d/services/runtimeconfig.googleapis.com [none]
[debug] [2026-07-05T15:02:47.045Z] >>> [apiv2][(partial)header] GET https://serviceusage.googleapis.com/v1/projects/molkky-scores-6ee0d/services/runtimeconfig.googleapis.com  x-goog-user-project=molkky-scores-6ee0d
[debug] [2026-07-05T15:02:47.046Z] >>> [apiv2][query] GET https://serviceusage.googleapis.com/v1/projects/molkky-scores-6ee0d/services/cloudbuild.googleapis.com [none]
[debug] [2026-07-05T15:02:47.046Z] >>> [apiv2][(partial)header] GET https://serviceusage.googleapis.com/v1/projects/molkky-scores-6ee0d/services/cloudbuild.googleapis.com  x-goog-user-project=molkky-scores-6ee0d
[debug] [2026-07-05T15:02:47.048Z] >>> [apiv2][query] GET https://serviceusage.googleapis.com/v1/projects/molkky-scores-6ee0d/services/artifactregistry.googleapis.com [none]
[debug] [2026-07-05T15:02:47.048Z] >>> [apiv2][(partial)header] GET https://serviceusage.googleapis.com/v1/projects/molkky-scores-6ee0d/services/artifactregistry.googleapis.com  x-goog-user-project=molkky-scores-6ee0d
[debug] [2026-07-05T15:02:47.402Z] <<< [apiv2][status] GET https://serviceusage.googleapis.com/v1/projects/molkky-scores-6ee0d/services/cloudfunctions.googleapis.com 200
[debug] [2026-07-05T15:02:47.402Z] <<< [apiv2][body] GET https://serviceusage.googleapis.com/v1/projects/molkky-scores-6ee0d/services/cloudfunctions.googleapis.com [omitted]
[warn] ⚠  functions: missing required API cloudfunctions.googleapis.com. Enabling now... 
[debug] [2026-07-05T15:02:47.405Z] Checked if tokens are valid: true, expires at: 1783267361308
[debug] [2026-07-05T15:02:47.405Z] Checked if tokens are valid: true, expires at: 1783267361308
[debug] [2026-07-05T15:02:47.406Z] >>> [apiv2][query] POST https://serviceusage.googleapis.com/v1/projects/molkky-scores-6ee0d/services/cloudfunctions.googleapis.com:enable [none]
[debug] [2026-07-05T15:02:47.406Z] >>> [apiv2][(partial)header] POST https://serviceusage.googleapis.com/v1/projects/molkky-scores-6ee0d/services/cloudfunctions.googleapis.com:enable  x-goog-user-project=molkky-scores-6ee0d
[debug] [2026-07-05T15:02:47.445Z] <<< [apiv2][status] GET https://serviceusage.googleapis.com/v1/projects/molkky-scores-6ee0d/services/runtimeconfig.googleapis.com 200
[debug] [2026-07-05T15:02:47.445Z] <<< [apiv2][body] GET https://serviceusage.googleapis.com/v1/projects/molkky-scores-6ee0d/services/runtimeconfig.googleapis.com [omitted]
[debug] [2026-07-05T15:02:47.466Z] <<< [apiv2][status] GET https://serviceusage.googleapis.com/v1/projects/molkky-scores-6ee0d/services/cloudbuild.googleapis.com 200
[debug] [2026-07-05T15:02:47.467Z] <<< [apiv2][body] GET https://serviceusage.googleapis.com/v1/projects/molkky-scores-6ee0d/services/cloudbuild.googleapis.com [omitted]
[warn] ⚠  functions: missing required API cloudbuild.googleapis.com. Enabling now... 
[debug] [2026-07-05T15:02:47.467Z] Checked if tokens are valid: true, expires at: 1783267361308
[debug] [2026-07-05T15:02:47.467Z] Checked if tokens are valid: true, expires at: 1783267361308
[debug] [2026-07-05T15:02:47.467Z] >>> [apiv2][query] POST https://serviceusage.googleapis.com/v1/projects/molkky-scores-6ee0d/services/cloudbuild.googleapis.com:enable [none]
[debug] [2026-07-05T15:02:47.467Z] >>> [apiv2][(partial)header] POST https://serviceusage.googleapis.com/v1/projects/molkky-scores-6ee0d/services/cloudbuild.googleapis.com:enable  x-goog-user-project=molkky-scores-6ee0d
[debug] [2026-07-05T15:02:47.469Z] <<< [apiv2][status] GET https://serviceusage.googleapis.com/v1/projects/molkky-scores-6ee0d/services/artifactregistry.googleapis.com 200
[debug] [2026-07-05T15:02:47.469Z] <<< [apiv2][body] GET https://serviceusage.googleapis.com/v1/projects/molkky-scores-6ee0d/services/artifactregistry.googleapis.com [omitted]
[warn] ⚠  artifactregistry: missing required API artifactregistry.googleapis.com. Enabling now... 
[debug] [2026-07-05T15:02:47.470Z] Checked if tokens are valid: true, expires at: 1783267361308
[debug] [2026-07-05T15:02:47.470Z] Checked if tokens are valid: true, expires at: 1783267361308
[debug] [2026-07-05T15:02:47.470Z] >>> [apiv2][query] POST https://serviceusage.googleapis.com/v1/projects/molkky-scores-6ee0d/services/artifactregistry.googleapis.com:enable [none]
[debug] [2026-07-05T15:02:47.470Z] >>> [apiv2][(partial)header] POST https://serviceusage.googleapis.com/v1/projects/molkky-scores-6ee0d/services/artifactregistry.googleapis.com:enable  x-goog-user-project=molkky-scores-6ee0d
[debug] [2026-07-05T15:02:48.150Z] <<< [apiv2][status] POST https://serviceusage.googleapis.com/v1/projects/molkky-scores-6ee0d/services/cloudbuild.googleapis.com:enable 200
[debug] [2026-07-05T15:02:48.150Z] <<< [apiv2][body] POST https://serviceusage.googleapis.com/v1/projects/molkky-scores-6ee0d/services/cloudbuild.googleapis.com:enable [omitted]
[debug] [2026-07-05T15:02:48.165Z] <<< [apiv2][status] POST https://serviceusage.googleapis.com/v1/projects/molkky-scores-6ee0d/services/cloudfunctions.googleapis.com:enable 200
[debug] [2026-07-05T15:02:48.165Z] <<< [apiv2][body] POST https://serviceusage.googleapis.com/v1/projects/molkky-scores-6ee0d/services/cloudfunctions.googleapis.com:enable [omitted]
[debug] [2026-07-05T15:02:48.231Z] <<< [apiv2][status] POST https://serviceusage.googleapis.com/v1/projects/molkky-scores-6ee0d/services/artifactregistry.googleapis.com:enable 200
[debug] [2026-07-05T15:02:48.231Z] <<< [apiv2][body] POST https://serviceusage.googleapis.com/v1/projects/molkky-scores-6ee0d/services/artifactregistry.googleapis.com:enable [omitted]
[debug] [2026-07-05T15:02:58.256Z] Checked if tokens are valid: true, expires at: 1783267361308
[debug] [2026-07-05T15:02:58.256Z] Checked if tokens are valid: true, expires at: 1783267361308
[debug] [2026-07-05T15:02:58.257Z] >>> [apiv2][query] GET https://firebase.googleapis.com/v1beta1/projects/molkky-scores-6ee0d/adminSdkConfig [none]
[debug] [2026-07-05T15:02:58.589Z] <<< [apiv2][status] GET https://firebase.googleapis.com/v1beta1/projects/molkky-scores-6ee0d/adminSdkConfig 200
[debug] [2026-07-05T15:02:58.589Z] <<< [apiv2][body] GET https://firebase.googleapis.com/v1beta1/projects/molkky-scores-6ee0d/adminSdkConfig {"projectId":"molkky-scores-6ee0d","storageBucket":"molkky-scores-6ee0d.firebasestorage.app"}
[debug] [2026-07-05T15:02:58.590Z] Checked if tokens are valid: true, expires at: 1783267361308
[debug] [2026-07-05T15:02:58.590Z] Checked if tokens are valid: true, expires at: 1783267361308
[debug] [2026-07-05T15:02:58.591Z] >>> [apiv2][query] GET https://runtimeconfig.googleapis.com/v1beta1/projects/molkky-scores-6ee0d/configs [none]
[debug] [2026-07-05T15:02:58.858Z] <<< [apiv2][status] GET https://runtimeconfig.googleapis.com/v1beta1/projects/molkky-scores-6ee0d/configs 200
[debug] [2026-07-05T15:02:58.859Z] <<< [apiv2][body] GET https://runtimeconfig.googleapis.com/v1beta1/projects/molkky-scores-6ee0d/configs {}
[debug] [2026-07-05T15:02:58.860Z] Validating nodejs source
[debug] [2026-07-05T15:02:59.888Z] > [functions] package.json contents: {
  "name": "functions",
  "description": "Cloud Functions for Mölkky Scores (server-side IAP validation)",
  "private": true,
  "engines": {
    "node": "22"
  },
  "main": "lib/index.js",
  "scripts": {
    "build": "tsc"
  },
  "dependencies": {
    "@apple/app-store-server-library": "^3.1.0",
    "firebase-admin": "^13.0.0",
    "firebase-functions": "^7.2.5"
  },
  "devDependencies": {
    "typescript": "^5.7.0"
  }
}
[debug] [2026-07-05T15:02:59.888Z] Building nodejs source
[info] i  functions: Loading and analyzing source code for codebase default to determine what to deploy 
[debug] [2026-07-05T15:02:59.890Z] Could not find functions.yaml. Must use http discovery
[debug] [2026-07-05T15:02:59.903Z] Found firebase-functions binary at '/Users/connortyrrell/Repos/molkky/functions/node_modules/.bin/firebase-functions'
[info] Serving at port 8843

[debug] [2026-07-05T15:03:01.005Z] Got response from /__/functions.yaml {"endpoints":{"validatePurchase":{"availableMemoryMb":null,"timeoutSeconds":null,"minInstances":null,"maxInstances":null,"ingressSettings":null,"concurrency":null,"serviceAccountEmail":null,"vpc":null,"platform":"gcfv2","region":["us-central1"],"labels":{},"callableTrigger":{},"entryPoint":"validatePurchase"}},"specVersion":"v1alpha1","requiredAPIs":[],"extensions":{}}
[debug] [2026-07-05T15:03:05.066Z] Checked if tokens are valid: true, expires at: 1783267361308
[debug] [2026-07-05T15:03:05.066Z] Checked if tokens are valid: true, expires at: 1783267361308
[debug] [2026-07-05T15:03:05.067Z] >>> [apiv2][query] GET https://cloudfunctions.googleapis.com/v1/projects/molkky-scores-6ee0d/locations/-/functions [none]
[debug] [2026-07-05T15:03:05.689Z] <<< [apiv2][status] GET https://cloudfunctions.googleapis.com/v1/projects/molkky-scores-6ee0d/locations/-/functions 200
[debug] [2026-07-05T15:03:05.689Z] <<< [apiv2][body] GET https://cloudfunctions.googleapis.com/v1/projects/molkky-scores-6ee0d/locations/-/functions {}
[debug] [2026-07-05T15:03:05.690Z] Checked if tokens are valid: true, expires at: 1783267361308
[debug] [2026-07-05T15:03:05.690Z] Checked if tokens are valid: true, expires at: 1783267361308
[debug] [2026-07-05T15:03:05.691Z] >>> [apiv2][query] GET https://cloudfunctions.googleapis.com/v2/projects/molkky-scores-6ee0d/locations/-/functions filter=environment%3D%22GEN_2%22
[debug] [2026-07-05T15:03:06.131Z] <<< [apiv2][status] GET https://cloudfunctions.googleapis.com/v2/projects/molkky-scores-6ee0d/locations/-/functions 200
[debug] [2026-07-05T15:03:06.132Z] <<< [apiv2][body] GET https://cloudfunctions.googleapis.com/v2/projects/molkky-scores-6ee0d/locations/-/functions {}
[info] i  extensions: ensuring required API firebaseextensions.googleapis.com is enabled... 
[debug] [2026-07-05T15:03:06.137Z] Checked if tokens are valid: true, expires at: 1783267361308
[debug] [2026-07-05T15:03:06.138Z] Checked if tokens are valid: true, expires at: 1783267361308
[debug] [2026-07-05T15:03:06.139Z] >>> [apiv2][query] GET https://serviceusage.googleapis.com/v1/projects/molkky-scores-6ee0d/services/firebaseextensions.googleapis.com [none]
[debug] [2026-07-05T15:03:06.139Z] >>> [apiv2][(partial)header] GET https://serviceusage.googleapis.com/v1/projects/molkky-scores-6ee0d/services/firebaseextensions.googleapis.com  x-goog-user-project=molkky-scores-6ee0d
[debug] [2026-07-05T15:03:06.573Z] <<< [apiv2][status] GET https://serviceusage.googleapis.com/v1/projects/molkky-scores-6ee0d/services/firebaseextensions.googleapis.com 200
[debug] [2026-07-05T15:03:06.574Z] <<< [apiv2][body] GET https://serviceusage.googleapis.com/v1/projects/molkky-scores-6ee0d/services/firebaseextensions.googleapis.com [omitted]
[warn] ⚠  extensions: missing required API firebaseextensions.googleapis.com. Enabling now... 
[debug] [2026-07-05T15:03:06.577Z] Checked if tokens are valid: true, expires at: 1783267361308
[debug] [2026-07-05T15:03:06.578Z] Checked if tokens are valid: true, expires at: 1783267361308
[debug] [2026-07-05T15:03:06.578Z] >>> [apiv2][query] POST https://serviceusage.googleapis.com/v1/projects/molkky-scores-6ee0d/services/firebaseextensions.googleapis.com:enable [none]
[debug] [2026-07-05T15:03:06.578Z] >>> [apiv2][(partial)header] POST https://serviceusage.googleapis.com/v1/projects/molkky-scores-6ee0d/services/firebaseextensions.googleapis.com:enable  x-goog-user-project=molkky-scores-6ee0d
[debug] [2026-07-05T15:03:07.268Z] <<< [apiv2][status] POST https://serviceusage.googleapis.com/v1/projects/molkky-scores-6ee0d/services/firebaseextensions.googleapis.com:enable 200
[debug] [2026-07-05T15:03:07.268Z] <<< [apiv2][body] POST https://serviceusage.googleapis.com/v1/projects/molkky-scores-6ee0d/services/firebaseextensions.googleapis.com:enable [omitted]
[debug] [2026-07-05T15:03:17.296Z] > command requires scopes: ["email","openid","https://www.googleapis.com/auth/cloudplatformprojects.readonly","https://www.googleapis.com/auth/firebase","https://www.googleapis.com/auth/cloud-platform"]
[debug] [2026-07-05T15:03:17.297Z] > authorizing via signed-in user (connort@gmail.com)
[debug] [2026-07-05T15:03:17.297Z] [iam] checking project molkky-scores-6ee0d for permissions ["firebase.projects.get","firebaseextensions.instances.list"]
[debug] [2026-07-05T15:03:17.298Z] Checked if tokens are valid: true, expires at: 1783267361308
[debug] [2026-07-05T15:03:17.299Z] Checked if tokens are valid: true, expires at: 1783267361308
[debug] [2026-07-05T15:03:17.299Z] >>> [apiv2][query] POST https://cloudresourcemanager.googleapis.com/v1/projects/molkky-scores-6ee0d:testIamPermissions [none]
[debug] [2026-07-05T15:03:17.299Z] >>> [apiv2][(partial)header] POST https://cloudresourcemanager.googleapis.com/v1/projects/molkky-scores-6ee0d:testIamPermissions  x-goog-user-project=molkky-scores-6ee0d
[debug] [2026-07-05T15:03:17.299Z] >>> [apiv2][body] POST https://cloudresourcemanager.googleapis.com/v1/projects/molkky-scores-6ee0d:testIamPermissions {"permissions":["firebase.projects.get","firebaseextensions.instances.list"]}
[debug] [2026-07-05T15:03:17.519Z] <<< [apiv2][status] POST https://cloudresourcemanager.googleapis.com/v1/projects/molkky-scores-6ee0d:testIamPermissions 200
[debug] [2026-07-05T15:03:17.519Z] <<< [apiv2][body] POST https://cloudresourcemanager.googleapis.com/v1/projects/molkky-scores-6ee0d:testIamPermissions {"permissions":["firebase.projects.get","firebaseextensions.instances.list"]}
[debug] [2026-07-05T15:03:17.520Z] Checked if tokens are valid: true, expires at: 1783267361308
[debug] [2026-07-05T15:03:17.520Z] Checked if tokens are valid: true, expires at: 1783267361308
[debug] [2026-07-05T15:03:17.521Z] >>> [apiv2][query] GET https://firebaseextensions.googleapis.com/v1beta/projects/molkky-scores-6ee0d/instances pageSize=100&pageToken=
[debug] [2026-07-05T15:03:18.919Z] <<< [apiv2][status] GET https://firebaseextensions.googleapis.com/v1beta/projects/molkky-scores-6ee0d/instances 200
[debug] [2026-07-05T15:03:18.920Z] <<< [apiv2][body] GET https://firebaseextensions.googleapis.com/v1beta/projects/molkky-scores-6ee0d/instances {}
[info] i  functions: preparing functions directory for uploading... 
[info] i  functions: packaged /Users/connortyrrell/Repos/molkky/functions (45.77 KB) for uploading 
[info] i  functions: ensuring required API run.googleapis.com is enabled... 
[debug] [2026-07-05T15:03:19.003Z] Checked if tokens are valid: true, expires at: 1783267361308
[debug] [2026-07-05T15:03:19.003Z] Checked if tokens are valid: true, expires at: 1783267361308
[info] i  functions: ensuring required API eventarc.googleapis.com is enabled... 
[debug] [2026-07-05T15:03:19.003Z] Checked if tokens are valid: true, expires at: 1783267361308
[debug] [2026-07-05T15:03:19.003Z] Checked if tokens are valid: true, expires at: 1783267361308
[info] i  functions: ensuring required API pubsub.googleapis.com is enabled... 
[debug] [2026-07-05T15:03:19.003Z] Checked if tokens are valid: true, expires at: 1783267361308
[debug] [2026-07-05T15:03:19.003Z] Checked if tokens are valid: true, expires at: 1783267361308
[info] i  functions: ensuring required API storage.googleapis.com is enabled... 
[debug] [2026-07-05T15:03:19.003Z] Checked if tokens are valid: true, expires at: 1783267361308
[debug] [2026-07-05T15:03:19.003Z] Checked if tokens are valid: true, expires at: 1783267361308
[debug] [2026-07-05T15:03:19.003Z] >>> [apiv2][query] GET https://serviceusage.googleapis.com/v1/projects/653554845937/services/run.googleapis.com [none]
[debug] [2026-07-05T15:03:19.003Z] >>> [apiv2][(partial)header] GET https://serviceusage.googleapis.com/v1/projects/653554845937/services/run.googleapis.com  x-goog-user-project=653554845937
[debug] [2026-07-05T15:03:19.005Z] >>> [apiv2][query] GET https://serviceusage.googleapis.com/v1/projects/653554845937/services/eventarc.googleapis.com [none]
[debug] [2026-07-05T15:03:19.005Z] >>> [apiv2][(partial)header] GET https://serviceusage.googleapis.com/v1/projects/653554845937/services/eventarc.googleapis.com  x-goog-user-project=653554845937
[debug] [2026-07-05T15:03:19.005Z] >>> [apiv2][query] GET https://serviceusage.googleapis.com/v1/projects/653554845937/services/pubsub.googleapis.com [none]
[debug] [2026-07-05T15:03:19.005Z] >>> [apiv2][(partial)header] GET https://serviceusage.googleapis.com/v1/projects/653554845937/services/pubsub.googleapis.com  x-goog-user-project=653554845937
[debug] [2026-07-05T15:03:19.006Z] >>> [apiv2][query] GET https://serviceusage.googleapis.com/v1/projects/653554845937/services/storage.googleapis.com [none]
[debug] [2026-07-05T15:03:19.006Z] >>> [apiv2][(partial)header] GET https://serviceusage.googleapis.com/v1/projects/653554845937/services/storage.googleapis.com  x-goog-user-project=653554845937
[debug] [2026-07-05T15:03:19.380Z] <<< [apiv2][status] GET https://serviceusage.googleapis.com/v1/projects/653554845937/services/eventarc.googleapis.com 200
[debug] [2026-07-05T15:03:19.381Z] <<< [apiv2][body] GET https://serviceusage.googleapis.com/v1/projects/653554845937/services/eventarc.googleapis.com [omitted]
[warn] ⚠  functions: missing required API eventarc.googleapis.com. Enabling now... 
[debug] [2026-07-05T15:03:19.382Z] Checked if tokens are valid: true, expires at: 1783267361308
[debug] [2026-07-05T15:03:19.382Z] Checked if tokens are valid: true, expires at: 1783267361308
[debug] [2026-07-05T15:03:19.382Z] >>> [apiv2][query] POST https://serviceusage.googleapis.com/v1/projects/653554845937/services/eventarc.googleapis.com:enable [none]
[debug] [2026-07-05T15:03:19.382Z] >>> [apiv2][(partial)header] POST https://serviceusage.googleapis.com/v1/projects/653554845937/services/eventarc.googleapis.com:enable  x-goog-user-project=653554845937
[debug] [2026-07-05T15:03:19.385Z] <<< [apiv2][status] GET https://serviceusage.googleapis.com/v1/projects/653554845937/services/run.googleapis.com 200
[debug] [2026-07-05T15:03:19.385Z] <<< [apiv2][body] GET https://serviceusage.googleapis.com/v1/projects/653554845937/services/run.googleapis.com [omitted]
[warn] ⚠  functions: missing required API run.googleapis.com. Enabling now... 
[debug] [2026-07-05T15:03:19.386Z] Checked if tokens are valid: true, expires at: 1783267361308
[debug] [2026-07-05T15:03:19.386Z] Checked if tokens are valid: true, expires at: 1783267361308
[debug] [2026-07-05T15:03:19.386Z] >>> [apiv2][query] POST https://serviceusage.googleapis.com/v1/projects/653554845937/services/run.googleapis.com:enable [none]
[debug] [2026-07-05T15:03:19.386Z] >>> [apiv2][(partial)header] POST https://serviceusage.googleapis.com/v1/projects/653554845937/services/run.googleapis.com:enable  x-goog-user-project=653554845937
[debug] [2026-07-05T15:03:19.388Z] <<< [apiv2][status] GET https://serviceusage.googleapis.com/v1/projects/653554845937/services/pubsub.googleapis.com 200
[debug] [2026-07-05T15:03:19.389Z] <<< [apiv2][body] GET https://serviceusage.googleapis.com/v1/projects/653554845937/services/pubsub.googleapis.com [omitted]
[info] ✔  functions: required API pubsub.googleapis.com is enabled 
[debug] [2026-07-05T15:03:19.412Z] <<< [apiv2][status] GET https://serviceusage.googleapis.com/v1/projects/653554845937/services/storage.googleapis.com 200
[debug] [2026-07-05T15:03:19.412Z] <<< [apiv2][body] GET https://serviceusage.googleapis.com/v1/projects/653554845937/services/storage.googleapis.com [omitted]
[info] ✔  functions: required API storage.googleapis.com is enabled 
[debug] [2026-07-05T15:03:20.016Z] <<< [apiv2][status] POST https://serviceusage.googleapis.com/v1/projects/653554845937/services/eventarc.googleapis.com:enable 200
[debug] [2026-07-05T15:03:20.016Z] <<< [apiv2][body] POST https://serviceusage.googleapis.com/v1/projects/653554845937/services/eventarc.googleapis.com:enable [omitted]
[debug] [2026-07-05T15:03:20.111Z] <<< [apiv2][status] POST https://serviceusage.googleapis.com/v1/projects/653554845937/services/run.googleapis.com:enable 200
[debug] [2026-07-05T15:03:20.112Z] <<< [apiv2][body] POST https://serviceusage.googleapis.com/v1/projects/653554845937/services/run.googleapis.com:enable [omitted]
[info] i  functions: generating the service identity for pubsub.googleapis.com... 
[debug] [2026-07-05T15:03:30.128Z] Checked if tokens are valid: true, expires at: 1783267361308
[debug] [2026-07-05T15:03:30.128Z] Checked if tokens are valid: true, expires at: 1783267361308
[info] i  functions: generating the service identity for eventarc.googleapis.com... 
[debug] [2026-07-05T15:03:30.129Z] Checked if tokens are valid: true, expires at: 1783267361308
[debug] [2026-07-05T15:03:30.129Z] Checked if tokens are valid: true, expires at: 1783267361308
[debug] [2026-07-05T15:03:30.129Z] >>> [apiv2][query] POST https://serviceusage.googleapis.com/v1beta1/projects/653554845937/services/pubsub.googleapis.com:generateServiceIdentity [none]
[debug] [2026-07-05T15:03:30.129Z] >>> [apiv2][(partial)header] POST https://serviceusage.googleapis.com/v1beta1/projects/653554845937/services/pubsub.googleapis.com:generateServiceIdentity  x-goog-user-project=653554845937
[debug] [2026-07-05T15:03:30.129Z] >>> [apiv2][body] POST https://serviceusage.googleapis.com/v1beta1/projects/653554845937/services/pubsub.googleapis.com:generateServiceIdentity {}
[debug] [2026-07-05T15:03:30.132Z] >>> [apiv2][query] POST https://serviceusage.googleapis.com/v1beta1/projects/653554845937/services/eventarc.googleapis.com:generateServiceIdentity [none]
[debug] [2026-07-05T15:03:30.133Z] >>> [apiv2][(partial)header] POST https://serviceusage.googleapis.com/v1beta1/projects/653554845937/services/eventarc.googleapis.com:generateServiceIdentity  x-goog-user-project=653554845937
[debug] [2026-07-05T15:03:30.133Z] >>> [apiv2][body] POST https://serviceusage.googleapis.com/v1beta1/projects/653554845937/services/eventarc.googleapis.com:generateServiceIdentity {}
[debug] [2026-07-05T15:03:31.033Z] <<< [apiv2][status] POST https://serviceusage.googleapis.com/v1beta1/projects/653554845937/services/eventarc.googleapis.com:generateServiceIdentity 200
[debug] [2026-07-05T15:03:31.034Z] <<< [apiv2][body] POST https://serviceusage.googleapis.com/v1beta1/projects/653554845937/services/eventarc.googleapis.com:generateServiceIdentity {"name":"operations/finished.DONE_OPERATION","done":true,"response":{"@type":"type.googleapis.com/google.api.serviceusage.v1beta1.ServiceIdentity","email":"service-653554845937@gcp-sa-eventarc.iam.gserviceaccount.com","uniqueId":"100326171717639488381"}}
[debug] [2026-07-05T15:03:31.050Z] <<< [apiv2][status] POST https://serviceusage.googleapis.com/v1beta1/projects/653554845937/services/pubsub.googleapis.com:generateServiceIdentity 200
[debug] [2026-07-05T15:03:31.050Z] <<< [apiv2][body] POST https://serviceusage.googleapis.com/v1beta1/projects/653554845937/services/pubsub.googleapis.com:generateServiceIdentity {"name":"operations/finished.DONE_OPERATION","done":true,"response":{"@type":"type.googleapis.com/google.api.serviceusage.v1beta1.ServiceIdentity","email":"service-653554845937@gcp-sa-pubsub.iam.gserviceaccount.com","uniqueId":"104276208902559938863"}}
[debug] [2026-07-05T15:03:31.056Z] Checked if tokens are valid: true, expires at: 1783267361308
[debug] [2026-07-05T15:03:31.056Z] Checked if tokens are valid: true, expires at: 1783267361308
[debug] [2026-07-05T15:03:31.056Z] >>> [apiv2][query] GET https://cloudresourcemanager.googleapis.com/v1/projects/molkky-scores-6ee0d [none]
[debug] [2026-07-05T15:03:31.237Z] <<< [apiv2][status] GET https://cloudresourcemanager.googleapis.com/v1/projects/molkky-scores-6ee0d 200
[debug] [2026-07-05T15:03:31.237Z] <<< [apiv2][body] GET https://cloudresourcemanager.googleapis.com/v1/projects/molkky-scores-6ee0d {"projectNumber":"653554845937","projectId":"molkky-scores-6ee0d","lifecycleState":"ACTIVE","name":"Molkky Scores","labels":{"firebase":"enabled","firebase-core":"disabled"},"createTime":"2025-05-29T14:21:45.939099Z"}
[debug] [2026-07-05T15:03:31.238Z] Checked if tokens are valid: true, expires at: 1783267361308
[debug] [2026-07-05T15:03:31.238Z] Checked if tokens are valid: true, expires at: 1783267361308
[debug] [2026-07-05T15:03:31.238Z] >>> [apiv2][query] GET https://compute.googleapis.com/compute/v1/projects/653554845937 [none]
[debug] [2026-07-05T15:03:31.420Z] <<< [apiv2][status] GET https://compute.googleapis.com/compute/v1/projects/653554845937 403
[debug] [2026-07-05T15:03:31.420Z] <<< [apiv2][body] GET https://compute.googleapis.com/compute/v1/projects/653554845937 {"error":{"code":403,"message":"Compute Engine API has not been used in project 653554845937 before or it is disabled. Enable it by visiting https://console.developers.google.com/apis/api/compute.googleapis.com/overview?project=653554845937 then retry. If you enabled this API recently, wait a few minutes for the action to propagate to our systems and retry.","errors":[{"message":"Compute Engine API has not been used in project 653554845937 before or it is disabled. Enable it by visiting https://console.developers.google.com/apis/api/compute.googleapis.com/overview?project=653554845937 then retry. If you enabled this API recently, wait a few minutes for the action to propagate to our systems and retry.","domain":"usageLimits","reason":"accessNotConfigured","extendedHelp":"https://console.developers.google.com"}],"status":"PERMISSION_DENIED","details":[{"@type":"type.googleapis.com/google.rpc.ErrorInfo","reason":"SERVICE_DISABLED","domain":"googleapis.com","metadata":{"consumer":"projects/653554845937","activationUrl":"https://console.developers.google.com/apis/api/compute.googleapis.com/overview?project=653554845937","containerInfo":"653554845937","serviceTitle":"Compute Engine API","service":"compute.googleapis.com"}},{"@type":"type.googleapis.com/google.rpc.LocalizedMessage","locale":"en-US","message":"Compute Engine API has not been used in project 653554845937 before or it is disabled. Enable it by visiting https://console.developers.google.com/apis/api/compute.googleapis.com/overview?project=653554845937 then retry. If you enabled this API recently, wait a few minutes for the action to propagate to our systems and retry."},{"@type":"type.googleapis.com/google.rpc.Help","links":[{"description":"Google developers console API activation","url":"https://console.developers.google.com/apis/api/compute.googleapis.com/overview?project=653554845937"}]}]}}
[debug] [2026-07-05T15:03:31.421Z] unable to look up default compute service account. Falling back to 653554845937-compute@developer.gserviceaccount.com. Error: {"name":"FirebaseError","children":[],"context":{"body":{"error":{"code":403,"message":"Compute Engine API has not been used in project 653554845937 before or it is disabled. Enable it by visiting https://console.developers.google.com/apis/api/compute.googleapis.com/overview?project=653554845937 then retry. If you enabled this API recently, wait a few minutes for the action to propagate to our systems and retry.","errors":[{"message":"Compute Engine API has not been used in project 653554845937 before or it is disabled. Enable it by visiting https://console.developers.google.com/apis/api/compute.googleapis.com/overview?project=653554845937 then retry. If you enabled this API recently, wait a few minutes for the action to propagate to our systems and retry.","domain":"usageLimits","reason":"accessNotConfigured","extendedHelp":"https://console.developers.google.com"}],"status":"PERMISSION_DENIED","details":[{"@type":"type.googleapis.com/google.rpc.ErrorInfo","reason":"SERVICE_DISABLED","domain":"googleapis.com","metadata":{"consumer":"projects/653554845937","activationUrl":"https://console.developers.google.com/apis/api/compute.googleapis.com/overview?project=653554845937","containerInfo":"653554845937","serviceTitle":"Compute Engine API","service":"compute.googleapis.com"}},{"@type":"type.googleapis.com/google.rpc.LocalizedMessage","locale":"en-US","message":"Compute Engine API has not been used in project 653554845937 before or it is disabled. Enable it by visiting https://console.developers.google.com/apis/api/compute.googleapis.com/overview?project=653554845937 then retry. If you enabled this API recently, wait a few minutes for the action to propagate to our systems and retry."},{"@type":"type.googleapis.com/google.rpc.Help","links":[{"description":"Google developers console API activation","url":"https://console.developers.google.com/apis/api/compute.googleapis.com/overview?project=653554845937"}]}]}},"response":{"statusCode":403}},"exit":1,"message":"Request to https://compute.googleapis.com/compute/v1/projects/653554845937 had HTTP Error: 403, Compute Engine API has not been used in project 653554845937 before or it is disabled. Enable it by visiting https://console.developers.google.com/apis/api/compute.googleapis.com/overview?project=653554845937 then retry. If you enabled this API recently, wait a few minutes for the action to propagate to our systems and retry.","status":403}
[debug] [2026-07-05T15:03:31.424Z] Checked if tokens are valid: true, expires at: 1783267361308
[debug] [2026-07-05T15:03:31.424Z] Checked if tokens are valid: true, expires at: 1783267361308
[debug] [2026-07-05T15:03:31.424Z] >>> [apiv2][query] GET https://serviceusage.googleapis.com/v1/projects/molkky-scores-6ee0d/services/cloudbilling.googleapis.com [none]
[debug] [2026-07-05T15:03:31.424Z] >>> [apiv2][(partial)header] GET https://serviceusage.googleapis.com/v1/projects/molkky-scores-6ee0d/services/cloudbilling.googleapis.com  x-goog-user-project=molkky-scores-6ee0d
[debug] [2026-07-05T15:03:31.666Z] <<< [apiv2][status] GET https://serviceusage.googleapis.com/v1/projects/molkky-scores-6ee0d/services/cloudbilling.googleapis.com 200
[debug] [2026-07-05T15:03:31.667Z] <<< [apiv2][body] GET https://serviceusage.googleapis.com/v1/projects/molkky-scores-6ee0d/services/cloudbilling.googleapis.com [omitted]
[debug] [2026-07-05T15:03:31.667Z] Checked if tokens are valid: true, expires at: 1783267361308
[debug] [2026-07-05T15:03:31.668Z] Checked if tokens are valid: true, expires at: 1783267361308
[debug] [2026-07-05T15:03:31.668Z] >>> [apiv2][query] POST https://serviceusage.googleapis.com/v1/projects/molkky-scores-6ee0d/services/cloudbilling.googleapis.com:enable [none]
[debug] [2026-07-05T15:03:31.668Z] >>> [apiv2][(partial)header] POST https://serviceusage.googleapis.com/v1/projects/molkky-scores-6ee0d/services/cloudbilling.googleapis.com:enable  x-goog-user-project=molkky-scores-6ee0d
[debug] [2026-07-05T15:03:32.522Z] <<< [apiv2][status] POST https://serviceusage.googleapis.com/v1/projects/molkky-scores-6ee0d/services/cloudbilling.googleapis.com:enable 200
[debug] [2026-07-05T15:03:32.523Z] <<< [apiv2][body] POST https://serviceusage.googleapis.com/v1/projects/molkky-scores-6ee0d/services/cloudbilling.googleapis.com:enable [omitted]
[debug] [2026-07-05T15:03:42.538Z] Checked if tokens are valid: true, expires at: 1783267361308
[debug] [2026-07-05T15:03:42.538Z] Checked if tokens are valid: true, expires at: 1783267361308
[debug] [2026-07-05T15:03:42.538Z] >>> [apiv2][query] GET https://cloudbilling.googleapis.com/v1/projects/molkky-scores-6ee0d/billingInfo [none]
[debug] [2026-07-05T15:03:42.538Z] >>> [apiv2][(partial)header] GET https://cloudbilling.googleapis.com/v1/projects/molkky-scores-6ee0d/billingInfo  x-goog-user-project=molkky-scores-6ee0d
[debug] [2026-07-05T15:03:42.778Z] <<< [apiv2][status] GET https://cloudbilling.googleapis.com/v1/projects/molkky-scores-6ee0d/billingInfo 200
[debug] [2026-07-05T15:03:42.778Z] <<< [apiv2][body] GET https://cloudbilling.googleapis.com/v1/projects/molkky-scores-6ee0d/billingInfo {"name":"projects/molkky-scores-6ee0d/billingInfo","projectId":"molkky-scores-6ee0d","billingAccountName":"billingAccounts/01BC48-A26ECB-A631CF","billingEnabled":true}
[debug] [2026-07-05T15:03:42.779Z] Checked if tokens are valid: true, expires at: 1783267361308
[debug] [2026-07-05T15:03:42.779Z] Checked if tokens are valid: true, expires at: 1783267361308
[debug] [2026-07-05T15:03:42.779Z] >>> [apiv2][query] POST https://cloudfunctions.googleapis.com/v2/projects/molkky-scores-6ee0d/locations/us-central1/functions:generateUploadUrl [none]
[debug] [2026-07-05T15:03:44.226Z] <<< [apiv2][status] POST https://cloudfunctions.googleapis.com/v2/projects/molkky-scores-6ee0d/locations/us-central1/functions:generateUploadUrl 200
[debug] [2026-07-05T15:03:44.226Z] <<< [apiv2][body] POST https://cloudfunctions.googleapis.com/v2/projects/molkky-scores-6ee0d/locations/us-central1/functions:generateUploadUrl {"uploadUrl":"https://storage.googleapis.com/gcf-v2-uploads-653554845937.us-central1.cloudfunctions.appspot.com/bb236097-a0dc-4d8b-8f92-fb4ab9d2aa0c.zip?GoogleAccessId=service-653554845937@gcf-admin-robot.iam.gserviceaccount.com&Expires=1783265624&Signature=UKR0eik8E73LF2Sws8DC2S1m%2F%2B06BMwbz%2Bobut9BIaYnPSujpDob3O8fmg5xgb%2FHSgODztMyBtRD29wfRfhHmegL3npPUI%2Fs55hTCx7Vo8IYPgpfSZzySY0WjY01nn7%2FbgsIjMHwnNhtCgB0zCZTF6L7pkHd2IUS9KR7qRot%2B4Z6ZlhuZ2ygJR5xTJ5ku14Hsut3mFDlCI4PYDYaEqU5NuZrYRTlFD3ALgpe%2F4H2akwLuZI1QWe60LYRwQZ3bpULvdUFO77wtholtrPGGtuLvZTB8rUuXMM911vtf%2BoxCCDSfj9y3E7aLtz%2BjapNFuaEAU%2F5qmjwrbztqY88vgMENA%3D%3D","storageSource":{"bucket":"gcf-v2-uploads-653554845937.us-central1.cloudfunctions.appspot.com","object":"bb236097-a0dc-4d8b-8f92-fb4ab9d2aa0c.zip"}}
[debug] [2026-07-05T15:03:44.227Z] >>> [apiv2][query] PUT https://storage.googleapis.com/gcf-v2-uploads-653554845937.us-central1.cloudfunctions.appspot.com/bb236097-a0dc-4d8b-8f92-fb4ab9d2aa0c.zip GoogleAccessId=service-653554845937%40gcf-admin-robot.iam.gserviceaccount.com&Expires=1783265624&Signature=UKR0eik8E73LF2Sws8DC2S1m%2F%2B06BMwbz%2Bobut9BIaYnPSujpDob3O8fmg5xgb%2FHSgODztMyBtRD29wfRfhHmegL3npPUI%2Fs55hTCx7Vo8IYPgpfSZzySY0WjY01nn7%2FbgsIjMHwnNhtCgB0zCZTF6L7pkHd2IUS9KR7qRot%2B4Z6ZlhuZ2ygJR5xTJ5ku14Hsut3mFDlCI4PYDYaEqU5NuZrYRTlFD3ALgpe%2F4H2akwLuZI1QWe60LYRwQZ3bpULvdUFO77wtholtrPGGtuLvZTB8rUuXMM911vtf%2BoxCCDSfj9y3E7aLtz%2BjapNFuaEAU%2F5qmjwrbztqY88vgMENA%3D%3D
[debug] [2026-07-05T15:03:44.227Z] >>> [apiv2][body] PUT https://storage.googleapis.com/gcf-v2-uploads-653554845937.us-central1.cloudfunctions.appspot.com/bb236097-a0dc-4d8b-8f92-fb4ab9d2aa0c.zip [stream]
[debug] [2026-07-05T15:03:44.707Z] <<< [apiv2][status] PUT https://storage.googleapis.com/gcf-v2-uploads-653554845937.us-central1.cloudfunctions.appspot.com/bb236097-a0dc-4d8b-8f92-fb4ab9d2aa0c.zip 200
[debug] [2026-07-05T15:03:44.707Z] <<< [apiv2][body] PUT https://storage.googleapis.com/gcf-v2-uploads-653554845937.us-central1.cloudfunctions.appspot.com/bb236097-a0dc-4d8b-8f92-fb4ab9d2aa0c.zip [omitted]
[info] ✔  functions: functions source uploaded successfully 
[info] i  functions: creating Node.js 22 (2nd Gen) function validatePurchase(us-central1)... 
[debug] [2026-07-05T15:03:44.710Z] Checked if tokens are valid: true, expires at: 1783267361308
[debug] [2026-07-05T15:03:44.710Z] Checked if tokens are valid: true, expires at: 1783267361308
[debug] [2026-07-05T15:03:44.711Z] >>> [apiv2][query] POST https://cloudfunctions.googleapis.com/v2/projects/molkky-scores-6ee0d/locations/us-central1/functions functionId=validatePurchase
[debug] [2026-07-05T15:03:44.711Z] >>> [apiv2][body] POST https://cloudfunctions.googleapis.com/v2/projects/molkky-scores-6ee0d/locations/us-central1/functions {"name":"projects/molkky-scores-6ee0d/locations/us-central1/functions/validatePurchase","buildConfig":{"runtime":"nodejs22","entryPoint":"validatePurchase","source":{"storageSource":{"bucket":"gcf-v2-uploads-653554845937.us-central1.cloudfunctions.appspot.com","object":"bb236097-a0dc-4d8b-8f92-fb4ab9d2aa0c.zip"}},"environmentVariables":{"GOOGLE_NODE_RUN_SCRIPTS":""}},"serviceConfig":{"environmentVariables":{"FIREBASE_CONFIG":"{\"projectId\":\"molkky-scores-6ee0d\",\"storageBucket\":\"molkky-scores-6ee0d.firebasestorage.app\"}","GCLOUD_PROJECT":"molkky-scores-6ee0d","EVENTARC_CLOUD_EVENT_SOURCE":"projects/molkky-scores-6ee0d/locations/us-central1/services/validatePurchase","FUNCTION_TARGET":"validatePurchase","LOG_EXECUTION_ID":"true"},"ingressSettings":null,"timeoutSeconds":null,"serviceAccountEmail":null,"availableMemory":"256Mi","minInstanceCount":null,"maxInstanceCount":null,"maxInstanceRequestConcurrency":80,"availableCpu":"1","vpcConnector":null,"vpcConnectorEgressSettings":null,"directVpcNetworkInterface":null,"directVpcEgress":null},"labels":{"deployment-tool":"cli-firebase","deployment-callable":"true","firebase-functions-hash":"984f34b684560c975c8335c868181134053f8615"}}
[debug] [2026-07-05T15:03:46.867Z] <<< [apiv2][status] POST https://cloudfunctions.googleapis.com/v2/projects/molkky-scores-6ee0d/locations/us-central1/functions 200
[debug] [2026-07-05T15:03:46.868Z] <<< [apiv2][body] POST https://cloudfunctions.googleapis.com/v2/projects/molkky-scores-6ee0d/locations/us-central1/functions {"name":"projects/molkky-scores-6ee0d/locations/us-central1/operations/operation-1783263825022-655de76d4cc5e-0863a4f1-a87f6def","metadata":{"@type":"type.googleapis.com/google.cloud.functions.v2.OperationMetadata","createTime":"2026-07-05T15:03:46.918998029Z","target":"projects/molkky-scores-6ee0d/locations/us-central1/functions/validatePurchase","verb":"create","cancelRequested":false,"apiVersion":"v2"},"done":false}
[debug] [2026-07-05T15:03:46.868Z] Checked if tokens are valid: true, expires at: 1783267361308
[debug] [2026-07-05T15:03:46.868Z] Checked if tokens are valid: true, expires at: 1783267361308
[debug] [2026-07-05T15:03:46.869Z] >>> [apiv2][query] GET https://cloudfunctions.googleapis.com/v2/projects/molkky-scores-6ee0d/locations/us-central1/operations/operation-1783263825022-655de76d4cc5e-0863a4f1-a87f6def [none]
[debug] [2026-07-05T15:03:47.101Z] <<< [apiv2][status] GET https://cloudfunctions.googleapis.com/v2/projects/molkky-scores-6ee0d/locations/us-central1/operations/operation-1783263825022-655de76d4cc5e-0863a4f1-a87f6def 200
[debug] [2026-07-05T15:03:47.102Z] <<< [apiv2][body] GET https://cloudfunctions.googleapis.com/v2/projects/molkky-scores-6ee0d/locations/us-central1/operations/operation-1783263825022-655de76d4cc5e-0863a4f1-a87f6def {"name":"projects/molkky-scores-6ee0d/locations/us-central1/operations/operation-1783263825022-655de76d4cc5e-0863a4f1-a87f6def","metadata":{"@type":"type.googleapis.com/google.cloud.functions.v2.OperationMetadata","createTime":"2026-07-05T15:03:46.918998029Z","target":"projects/molkky-scores-6ee0d/locations/us-central1/functions/validatePurchase","verb":"create","cancelRequested":false,"apiVersion":"v2","requestResource":{"@type":"type.googleapis.com/google.cloud.functions.v2.Function","name":"projects/molkky-scores-6ee0d/locations/us-central1/functions/validatePurchase","buildConfig":{"runtime":"nodejs22","entryPoint":"validatePurchase","source":{"storageSource":{"bucket":"gcf-v2-sources-653554845937-us-central1","object":"validatePurchase/function-source.zip","generation":"1783263826332736"}},"environmentVariables":{"GOOGLE_NODE_RUN_SCRIPTS":""},"serviceAccount":"projects/molkky-scores-6ee0d/serviceAccounts/653554845937-compute@developer.gserviceaccount.com","automaticUpdatePolicy":{}},"serviceConfig":{"service":"projects/molkky-scores-6ee0d/locations/us-central1/services/validatepurchase","timeoutSeconds":60,"environmentVariables":{"FIREBASE_CONFIG":"{\"projectId\":\"molkky-scores-6ee0d\",\"storageBucket\":\"molkky-scores-6ee0d.firebasestorage.app\"}","GCLOUD_PROJECT":"molkky-scores-6ee0d","EVENTARC_CLOUD_EVENT_SOURCE":"projects/molkky-scores-6ee0d/locations/us-central1/services/validatePurchase","FUNCTION_TARGET":"validatePurchase","LOG_EXECUTION_ID":"true"},"ingressSettings":"ALLOW_ALL","serviceAccountEmail":"653554845937-compute@developer.gserviceaccount.com","availableMemory":"256Mi","maxInstanceRequestConcurrency":80,"availableCpu":"1"},"labels":{"deployment-tool":"cli-firebase","deployment-callable":"true","firebase-functions-hash":"984f34b684560c975c8335c868181134053f8615"},"environment":"GEN_2"},"stages":[{"name":"BUILD","state":"NOT_STARTED"},{"name":"SERVICE","state":"NOT_STARTED"}],"operationType":"CREATE_FUNCTION"},"done":false}
[debug] [2026-07-05T15:03:47.603Z] [create-default-us-central1-validatePurchase] Retrying task index 0
[debug] [2026-07-05T15:03:47.604Z] Checked if tokens are valid: true, expires at: 1783267361308
[debug] [2026-07-05T15:03:47.604Z] Checked if tokens are valid: true, expires at: 1783267361308
[debug] [2026-07-05T15:03:47.604Z] >>> [apiv2][query] GET https://cloudfunctions.googleapis.com/v2/projects/molkky-scores-6ee0d/locations/us-central1/operations/operation-1783263825022-655de76d4cc5e-0863a4f1-a87f6def [none]
[debug] [2026-07-05T15:03:47.830Z] <<< [apiv2][status] GET https://cloudfunctions.googleapis.com/v2/projects/molkky-scores-6ee0d/locations/us-central1/operations/operation-1783263825022-655de76d4cc5e-0863a4f1-a87f6def 200
[debug] [2026-07-05T15:03:47.831Z] <<< [apiv2][body] GET https://cloudfunctions.googleapis.com/v2/projects/molkky-scores-6ee0d/locations/us-central1/operations/operation-1783263825022-655de76d4cc5e-0863a4f1-a87f6def {"name":"projects/molkky-scores-6ee0d/locations/us-central1/operations/operation-1783263825022-655de76d4cc5e-0863a4f1-a87f6def","metadata":{"@type":"type.googleapis.com/google.cloud.functions.v2.OperationMetadata","createTime":"2026-07-05T15:03:46.918998029Z","target":"projects/molkky-scores-6ee0d/locations/us-central1/functions/validatePurchase","verb":"create","cancelRequested":false,"apiVersion":"v2","requestResource":{"@type":"type.googleapis.com/google.cloud.functions.v2.Function","name":"projects/molkky-scores-6ee0d/locations/us-central1/functions/validatePurchase","buildConfig":{"runtime":"nodejs22","entryPoint":"validatePurchase","source":{"storageSource":{"bucket":"gcf-v2-sources-653554845937-us-central1","object":"validatePurchase/function-source.zip","generation":"1783263826332736"}},"environmentVariables":{"GOOGLE_NODE_RUN_SCRIPTS":""},"serviceAccount":"projects/molkky-scores-6ee0d/serviceAccounts/653554845937-compute@developer.gserviceaccount.com","automaticUpdatePolicy":{}},"serviceConfig":{"service":"projects/molkky-scores-6ee0d/locations/us-central1/services/validatepurchase","timeoutSeconds":60,"environmentVariables":{"FIREBASE_CONFIG":"{\"projectId\":\"molkky-scores-6ee0d\",\"storageBucket\":\"molkky-scores-6ee0d.firebasestorage.app\"}","GCLOUD_PROJECT":"molkky-scores-6ee0d","EVENTARC_CLOUD_EVENT_SOURCE":"projects/molkky-scores-6ee0d/locations/us-central1/services/validatePurchase","FUNCTION_TARGET":"validatePurchase","LOG_EXECUTION_ID":"true"},"ingressSettings":"ALLOW_ALL","serviceAccountEmail":"653554845937-compute@developer.gserviceaccount.com","availableMemory":"256Mi","maxInstanceRequestConcurrency":80,"availableCpu":"1"},"labels":{"deployment-tool":"cli-firebase","deployment-callable":"true","firebase-functions-hash":"984f34b684560c975c8335c868181134053f8615"},"environment":"GEN_2"},"stages":[{"name":"BUILD","state":"NOT_STARTED"},{"name":"SERVICE","state":"NOT_STARTED"}],"operationType":"CREATE_FUNCTION"},"done":false}
[debug] [2026-07-05T15:03:48.832Z] [create-default-us-central1-validatePurchase] Retrying task index 0
[debug] [2026-07-05T15:03:48.832Z] Checked if tokens are valid: true, expires at: 1783267361308
[debug] [2026-07-05T15:03:48.832Z] Checked if tokens are valid: true, expires at: 1783267361308
[debug] [2026-07-05T15:03:48.832Z] >>> [apiv2][query] GET https://cloudfunctions.googleapis.com/v2/projects/molkky-scores-6ee0d/locations/us-central1/operations/operation-1783263825022-655de76d4cc5e-0863a4f1-a87f6def [none]
[debug] [2026-07-05T15:03:49.060Z] <<< [apiv2][status] GET https://cloudfunctions.googleapis.com/v2/projects/molkky-scores-6ee0d/locations/us-central1/operations/operation-1783263825022-655de76d4cc5e-0863a4f1-a87f6def 200
[debug] [2026-07-05T15:03:49.060Z] <<< [apiv2][body] GET https://cloudfunctions.googleapis.com/v2/projects/molkky-scores-6ee0d/locations/us-central1/operations/operation-1783263825022-655de76d4cc5e-0863a4f1-a87f6def {"name":"projects/molkky-scores-6ee0d/locations/us-central1/operations/operation-1783263825022-655de76d4cc5e-0863a4f1-a87f6def","metadata":{"@type":"type.googleapis.com/google.cloud.functions.v2.OperationMetadata","createTime":"2026-07-05T15:03:46.918998029Z","target":"projects/molkky-scores-6ee0d/locations/us-central1/functions/validatePurchase","verb":"create","cancelRequested":false,"apiVersion":"v2","requestResource":{"@type":"type.googleapis.com/google.cloud.functions.v2.Function","name":"projects/molkky-scores-6ee0d/locations/us-central1/functions/validatePurchase","buildConfig":{"runtime":"nodejs22","entryPoint":"validatePurchase","source":{"storageSource":{"bucket":"gcf-v2-sources-653554845937-us-central1","object":"validatePurchase/function-source.zip","generation":"1783263826332736"}},"environmentVariables":{"GOOGLE_NODE_RUN_SCRIPTS":""},"serviceAccount":"projects/molkky-scores-6ee0d/serviceAccounts/653554845937-compute@developer.gserviceaccount.com","automaticUpdatePolicy":{}},"serviceConfig":{"service":"projects/molkky-scores-6ee0d/locations/us-central1/services/validatepurchase","timeoutSeconds":60,"environmentVariables":{"FIREBASE_CONFIG":"{\"projectId\":\"molkky-scores-6ee0d\",\"storageBucket\":\"molkky-scores-6ee0d.firebasestorage.app\"}","GCLOUD_PROJECT":"molkky-scores-6ee0d","EVENTARC_CLOUD_EVENT_SOURCE":"projects/molkky-scores-6ee0d/locations/us-central1/services/validatePurchase","FUNCTION_TARGET":"validatePurchase","LOG_EXECUTION_ID":"true"},"ingressSettings":"ALLOW_ALL","serviceAccountEmail":"653554845937-compute@developer.gserviceaccount.com","availableMemory":"256Mi","maxInstanceRequestConcurrency":80,"availableCpu":"1"},"labels":{"deployment-tool":"cli-firebase","deployment-callable":"true","firebase-functions-hash":"984f34b684560c975c8335c868181134053f8615"},"environment":"GEN_2"},"stages":[{"name":"BUILD","state":"NOT_STARTED"},{"name":"SERVICE","state":"NOT_STARTED"}],"operationType":"CREATE_FUNCTION"},"done":false}
[debug] [2026-07-05T15:03:51.062Z] [create-default-us-central1-validatePurchase] Retrying task index 0
[debug] [2026-07-05T15:03:51.062Z] Checked if tokens are valid: true, expires at: 1783267361308
[debug] [2026-07-05T15:03:51.062Z] Checked if tokens are valid: true, expires at: 1783267361308
[debug] [2026-07-05T15:03:51.062Z] >>> [apiv2][query] GET https://cloudfunctions.googleapis.com/v2/projects/molkky-scores-6ee0d/locations/us-central1/operations/operation-1783263825022-655de76d4cc5e-0863a4f1-a87f6def [none]
[debug] [2026-07-05T15:03:51.286Z] <<< [apiv2][status] GET https://cloudfunctions.googleapis.com/v2/projects/molkky-scores-6ee0d/locations/us-central1/operations/operation-1783263825022-655de76d4cc5e-0863a4f1-a87f6def 200
[debug] [2026-07-05T15:03:51.286Z] <<< [apiv2][body] GET https://cloudfunctions.googleapis.com/v2/projects/molkky-scores-6ee0d/locations/us-central1/operations/operation-1783263825022-655de76d4cc5e-0863a4f1-a87f6def {"name":"projects/molkky-scores-6ee0d/locations/us-central1/operations/operation-1783263825022-655de76d4cc5e-0863a4f1-a87f6def","metadata":{"@type":"type.googleapis.com/google.cloud.functions.v2.OperationMetadata","createTime":"2026-07-05T15:03:46.918998029Z","target":"projects/molkky-scores-6ee0d/locations/us-central1/functions/validatePurchase","verb":"create","cancelRequested":false,"apiVersion":"v2","requestResource":{"@type":"type.googleapis.com/google.cloud.functions.v2.Function","name":"projects/molkky-scores-6ee0d/locations/us-central1/functions/validatePurchase","buildConfig":{"runtime":"nodejs22","entryPoint":"validatePurchase","source":{"storageSource":{"bucket":"gcf-v2-sources-653554845937-us-central1","object":"validatePurchase/function-source.zip","generation":"1783263826332736"}},"environmentVariables":{"GOOGLE_NODE_RUN_SCRIPTS":""},"serviceAccount":"projects/molkky-scores-6ee0d/serviceAccounts/653554845937-compute@developer.gserviceaccount.com","automaticUpdatePolicy":{}},"serviceConfig":{"service":"projects/molkky-scores-6ee0d/locations/us-central1/services/validatepurchase","timeoutSeconds":60,"environmentVariables":{"FIREBASE_CONFIG":"{\"projectId\":\"molkky-scores-6ee0d\",\"storageBucket\":\"molkky-scores-6ee0d.firebasestorage.app\"}","GCLOUD_PROJECT":"molkky-scores-6ee0d","EVENTARC_CLOUD_EVENT_SOURCE":"projects/molkky-scores-6ee0d/locations/us-central1/services/validatePurchase","FUNCTION_TARGET":"validatePurchase","LOG_EXECUTION_ID":"true"},"ingressSettings":"ALLOW_ALL","serviceAccountEmail":"653554845937-compute@developer.gserviceaccount.com","availableMemory":"256Mi","maxInstanceRequestConcurrency":80,"availableCpu":"1"},"labels":{"deployment-tool":"cli-firebase","deployment-callable":"true","firebase-functions-hash":"984f34b684560c975c8335c868181134053f8615"},"environment":"GEN_2"},"stages":[{"name":"BUILD","state":"NOT_STARTED"},{"name":"SERVICE","state":"NOT_STARTED"}],"operationType":"CREATE_FUNCTION"},"done":false}
[debug] [2026-07-05T15:03:55.287Z] [create-default-us-central1-validatePurchase] Retrying task index 0
[debug] [2026-07-05T15:03:55.287Z] Checked if tokens are valid: true, expires at: 1783267361308
[debug] [2026-07-05T15:03:55.287Z] Checked if tokens are valid: true, expires at: 1783267361308
[debug] [2026-07-05T15:03:55.287Z] >>> [apiv2][query] GET https://cloudfunctions.googleapis.com/v2/projects/molkky-scores-6ee0d/locations/us-central1/operations/operation-1783263825022-655de76d4cc5e-0863a4f1-a87f6def [none]
[debug] [2026-07-05T15:03:55.510Z] <<< [apiv2][status] GET https://cloudfunctions.googleapis.com/v2/projects/molkky-scores-6ee0d/locations/us-central1/operations/operation-1783263825022-655de76d4cc5e-0863a4f1-a87f6def 200
[debug] [2026-07-05T15:03:55.510Z] <<< [apiv2][body] GET https://cloudfunctions.googleapis.com/v2/projects/molkky-scores-6ee0d/locations/us-central1/operations/operation-1783263825022-655de76d4cc5e-0863a4f1-a87f6def {"name":"projects/molkky-scores-6ee0d/locations/us-central1/operations/operation-1783263825022-655de76d4cc5e-0863a4f1-a87f6def","metadata":{"@type":"type.googleapis.com/google.cloud.functions.v2.OperationMetadata","createTime":"2026-07-05T15:03:46.918998029Z","target":"projects/molkky-scores-6ee0d/locations/us-central1/functions/validatePurchase","verb":"create","cancelRequested":false,"apiVersion":"v2","requestResource":{"@type":"type.googleapis.com/google.cloud.functions.v2.Function","name":"projects/molkky-scores-6ee0d/locations/us-central1/functions/validatePurchase","buildConfig":{"runtime":"nodejs22","entryPoint":"validatePurchase","source":{"storageSource":{"bucket":"gcf-v2-sources-653554845937-us-central1","object":"validatePurchase/function-source.zip","generation":"1783263826332736"}},"environmentVariables":{"GOOGLE_NODE_RUN_SCRIPTS":""},"serviceAccount":"projects/molkky-scores-6ee0d/serviceAccounts/653554845937-compute@developer.gserviceaccount.com","automaticUpdatePolicy":{}},"serviceConfig":{"service":"projects/molkky-scores-6ee0d/locations/us-central1/services/validatepurchase","timeoutSeconds":60,"environmentVariables":{"FIREBASE_CONFIG":"{\"projectId\":\"molkky-scores-6ee0d\",\"storageBucket\":\"molkky-scores-6ee0d.firebasestorage.app\"}","GCLOUD_PROJECT":"molkky-scores-6ee0d","EVENTARC_CLOUD_EVENT_SOURCE":"projects/molkky-scores-6ee0d/locations/us-central1/services/validatePurchase","FUNCTION_TARGET":"validatePurchase","LOG_EXECUTION_ID":"true"},"ingressSettings":"ALLOW_ALL","serviceAccountEmail":"653554845937-compute@developer.gserviceaccount.com","availableMemory":"256Mi","maxInstanceRequestConcurrency":80,"availableCpu":"1"},"labels":{"deployment-tool":"cli-firebase","deployment-callable":"true","firebase-functions-hash":"984f34b684560c975c8335c868181134053f8615"},"environment":"GEN_2"},"stages":[{"name":"BUILD","state":"NOT_STARTED"},{"name":"SERVICE","state":"NOT_STARTED"}],"operationType":"CREATE_FUNCTION"},"done":false}
[debug] [2026-07-05T15:04:03.511Z] [create-default-us-central1-validatePurchase] Retrying task index 0
[debug] [2026-07-05T15:04:03.511Z] Checked if tokens are valid: true, expires at: 1783267361308
[debug] [2026-07-05T15:04:03.511Z] Checked if tokens are valid: true, expires at: 1783267361308
[debug] [2026-07-05T15:04:03.511Z] >>> [apiv2][query] GET https://cloudfunctions.googleapis.com/v2/projects/molkky-scores-6ee0d/locations/us-central1/operations/operation-1783263825022-655de76d4cc5e-0863a4f1-a87f6def [none]
[debug] [2026-07-05T15:04:03.857Z] <<< [apiv2][status] GET https://cloudfunctions.googleapis.com/v2/projects/molkky-scores-6ee0d/locations/us-central1/operations/operation-1783263825022-655de76d4cc5e-0863a4f1-a87f6def 200
[debug] [2026-07-05T15:04:03.857Z] <<< [apiv2][body] GET https://cloudfunctions.googleapis.com/v2/projects/molkky-scores-6ee0d/locations/us-central1/operations/operation-1783263825022-655de76d4cc5e-0863a4f1-a87f6def {"name":"projects/molkky-scores-6ee0d/locations/us-central1/operations/operation-1783263825022-655de76d4cc5e-0863a4f1-a87f6def","metadata":{"@type":"type.googleapis.com/google.cloud.functions.v2.OperationMetadata","createTime":"2026-07-05T15:03:46.918998029Z","target":"projects/molkky-scores-6ee0d/locations/us-central1/functions/validatePurchase","verb":"create","cancelRequested":false,"apiVersion":"v2","requestResource":{"@type":"type.googleapis.com/google.cloud.functions.v2.Function","name":"projects/molkky-scores-6ee0d/locations/us-central1/functions/validatePurchase","buildConfig":{"runtime":"nodejs22","entryPoint":"validatePurchase","source":{"storageSource":{"bucket":"gcf-v2-sources-653554845937-us-central1","object":"validatePurchase/function-source.zip","generation":"1783263826332736"}},"environmentVariables":{"GOOGLE_NODE_RUN_SCRIPTS":""},"serviceAccount":"projects/molkky-scores-6ee0d/serviceAccounts/653554845937-compute@developer.gserviceaccount.com","automaticUpdatePolicy":{}},"serviceConfig":{"service":"projects/molkky-scores-6ee0d/locations/us-central1/services/validatepurchase","timeoutSeconds":60,"environmentVariables":{"FIREBASE_CONFIG":"{\"projectId\":\"molkky-scores-6ee0d\",\"storageBucket\":\"molkky-scores-6ee0d.firebasestorage.app\"}","GCLOUD_PROJECT":"molkky-scores-6ee0d","EVENTARC_CLOUD_EVENT_SOURCE":"projects/molkky-scores-6ee0d/locations/us-central1/services/validatePurchase","FUNCTION_TARGET":"validatePurchase","LOG_EXECUTION_ID":"true"},"ingressSettings":"ALLOW_ALL","serviceAccountEmail":"653554845937-compute@developer.gserviceaccount.com","availableMemory":"256Mi","maxInstanceRequestConcurrency":80,"availableCpu":"1"},"labels":{"deployment-tool":"cli-firebase","deployment-callable":"true","firebase-functions-hash":"984f34b684560c975c8335c868181134053f8615"},"environment":"GEN_2"},"stages":[{"name":"BUILD","state":"NOT_STARTED"},{"name":"SERVICE","state":"NOT_STARTED"}],"operationType":"CREATE_FUNCTION"},"done":false}
[debug] [2026-07-05T15:04:13.858Z] [create-default-us-central1-validatePurchase] Retrying task index 0
[debug] [2026-07-05T15:04:13.858Z] Checked if tokens are valid: true, expires at: 1783267361308
[debug] [2026-07-05T15:04:13.858Z] Checked if tokens are valid: true, expires at: 1783267361308
[debug] [2026-07-05T15:04:13.858Z] >>> [apiv2][query] GET https://cloudfunctions.googleapis.com/v2/projects/molkky-scores-6ee0d/locations/us-central1/operations/operation-1783263825022-655de76d4cc5e-0863a4f1-a87f6def [none]
[debug] [2026-07-05T15:04:14.040Z] <<< [apiv2][status] GET https://cloudfunctions.googleapis.com/v2/projects/molkky-scores-6ee0d/locations/us-central1/operations/operation-1783263825022-655de76d4cc5e-0863a4f1-a87f6def 200
[debug] [2026-07-05T15:04:14.040Z] <<< [apiv2][body] GET https://cloudfunctions.googleapis.com/v2/projects/molkky-scores-6ee0d/locations/us-central1/operations/operation-1783263825022-655de76d4cc5e-0863a4f1-a87f6def {"name":"projects/molkky-scores-6ee0d/locations/us-central1/operations/operation-1783263825022-655de76d4cc5e-0863a4f1-a87f6def","metadata":{"@type":"type.googleapis.com/google.cloud.functions.v2.OperationMetadata","createTime":"2026-07-05T15:03:46.918998029Z","target":"projects/molkky-scores-6ee0d/locations/us-central1/functions/validatePurchase","verb":"create","cancelRequested":false,"apiVersion":"v2","requestResource":{"@type":"type.googleapis.com/google.cloud.functions.v2.Function","name":"projects/molkky-scores-6ee0d/locations/us-central1/functions/validatePurchase","buildConfig":{"runtime":"nodejs22","entryPoint":"validatePurchase","source":{"storageSource":{"bucket":"gcf-v2-sources-653554845937-us-central1","object":"validatePurchase/function-source.zip","generation":"1783263826332736"}},"environmentVariables":{"GOOGLE_NODE_RUN_SCRIPTS":""},"serviceAccount":"projects/molkky-scores-6ee0d/serviceAccounts/653554845937-compute@developer.gserviceaccount.com","automaticUpdatePolicy":{}},"serviceConfig":{"service":"projects/molkky-scores-6ee0d/locations/us-central1/services/validatepurchase","timeoutSeconds":60,"environmentVariables":{"FIREBASE_CONFIG":"{\"projectId\":\"molkky-scores-6ee0d\",\"storageBucket\":\"molkky-scores-6ee0d.firebasestorage.app\"}","GCLOUD_PROJECT":"molkky-scores-6ee0d","EVENTARC_CLOUD_EVENT_SOURCE":"projects/molkky-scores-6ee0d/locations/us-central1/services/validatePurchase","FUNCTION_TARGET":"validatePurchase","LOG_EXECUTION_ID":"true"},"ingressSettings":"ALLOW_ALL","serviceAccountEmail":"653554845937-compute@developer.gserviceaccount.com","availableMemory":"256Mi","maxInstanceRequestConcurrency":80,"availableCpu":"1"},"labels":{"deployment-tool":"cli-firebase","deployment-callable":"true","firebase-functions-hash":"984f34b684560c975c8335c868181134053f8615"},"environment":"GEN_2"},"stages":[{"name":"BUILD","state":"NOT_STARTED"},{"name":"SERVICE","state":"NOT_STARTED"}],"operationType":"CREATE_FUNCTION"},"done":false}
[debug] [2026-07-05T15:04:24.041Z] [create-default-us-central1-validatePurchase] Retrying task index 0
[debug] [2026-07-05T15:04:24.041Z] Checked if tokens are valid: true, expires at: 1783267361308
[debug] [2026-07-05T15:04:24.041Z] Checked if tokens are valid: true, expires at: 1783267361308
[debug] [2026-07-05T15:04:24.042Z] >>> [apiv2][query] GET https://cloudfunctions.googleapis.com/v2/projects/molkky-scores-6ee0d/locations/us-central1/operations/operation-1783263825022-655de76d4cc5e-0863a4f1-a87f6def [none]
[debug] [2026-07-05T15:04:24.210Z] <<< [apiv2][status] GET https://cloudfunctions.googleapis.com/v2/projects/molkky-scores-6ee0d/locations/us-central1/operations/operation-1783263825022-655de76d4cc5e-0863a4f1-a87f6def 200
[debug] [2026-07-05T15:04:24.210Z] <<< [apiv2][body] GET https://cloudfunctions.googleapis.com/v2/projects/molkky-scores-6ee0d/locations/us-central1/operations/operation-1783263825022-655de76d4cc5e-0863a4f1-a87f6def {"name":"projects/molkky-scores-6ee0d/locations/us-central1/operations/operation-1783263825022-655de76d4cc5e-0863a4f1-a87f6def","metadata":{"@type":"type.googleapis.com/google.cloud.functions.v2.OperationMetadata","createTime":"2026-07-05T15:03:46.918998029Z","target":"projects/molkky-scores-6ee0d/locations/us-central1/functions/validatePurchase","verb":"create","cancelRequested":false,"apiVersion":"v2","requestResource":{"@type":"type.googleapis.com/google.cloud.functions.v2.Function","name":"projects/molkky-scores-6ee0d/locations/us-central1/functions/validatePurchase","buildConfig":{"runtime":"nodejs22","entryPoint":"validatePurchase","source":{"storageSource":{"bucket":"gcf-v2-sources-653554845937-us-central1","object":"validatePurchase/function-source.zip","generation":"1783263826332736"}},"environmentVariables":{"GOOGLE_NODE_RUN_SCRIPTS":""},"serviceAccount":"projects/molkky-scores-6ee0d/serviceAccounts/653554845937-compute@developer.gserviceaccount.com","automaticUpdatePolicy":{}},"serviceConfig":{"service":"projects/molkky-scores-6ee0d/locations/us-central1/services/validatepurchase","timeoutSeconds":60,"environmentVariables":{"FIREBASE_CONFIG":"{\"projectId\":\"molkky-scores-6ee0d\",\"storageBucket\":\"molkky-scores-6ee0d.firebasestorage.app\"}","GCLOUD_PROJECT":"molkky-scores-6ee0d","EVENTARC_CLOUD_EVENT_SOURCE":"projects/molkky-scores-6ee0d/locations/us-central1/services/validatePurchase","FUNCTION_TARGET":"validatePurchase","LOG_EXECUTION_ID":"true"},"ingressSettings":"ALLOW_ALL","serviceAccountEmail":"653554845937-compute@developer.gserviceaccount.com","availableMemory":"256Mi","maxInstanceRequestConcurrency":80,"availableCpu":"1"},"labels":{"deployment-tool":"cli-firebase","deployment-callable":"true","firebase-functions-hash":"984f34b684560c975c8335c868181134053f8615"},"environment":"GEN_2"},"stages":[{"name":"BUILD","message":"Build in progress","state":"IN_PROGRESS","resource":"projects/653554845937/locations/us-central1/builds/bea265b1-594c-4cf5-89e0-9282e4ac6b56","resourceUri":"https://console.cloud.google.com/cloud-build/builds;region=us-central1/bea265b1-594c-4cf5-89e0-9282e4ac6b56?project=653554845937"},{"name":"SERVICE","state":"NOT_STARTED"}],"operationType":"CREATE_FUNCTION","buildName":"projects/653554845937/locations/us-central1/builds/bea265b1-594c-4cf5-89e0-9282e4ac6b56"},"done":false}
[debug] [2026-07-05T15:04:34.212Z] [create-default-us-central1-validatePurchase] Retrying task index 0
[debug] [2026-07-05T15:04:34.213Z] Checked if tokens are valid: true, expires at: 1783267361308
[debug] [2026-07-05T15:04:34.213Z] Checked if tokens are valid: true, expires at: 1783267361308
[debug] [2026-07-05T15:04:34.213Z] >>> [apiv2][query] GET https://cloudfunctions.googleapis.com/v2/projects/molkky-scores-6ee0d/locations/us-central1/operations/operation-1783263825022-655de76d4cc5e-0863a4f1-a87f6def [none]
[debug] [2026-07-05T15:04:34.416Z] <<< [apiv2][status] GET https://cloudfunctions.googleapis.com/v2/projects/molkky-scores-6ee0d/locations/us-central1/operations/operation-1783263825022-655de76d4cc5e-0863a4f1-a87f6def 200
[debug] [2026-07-05T15:04:34.417Z] <<< [apiv2][body] GET https://cloudfunctions.googleapis.com/v2/projects/molkky-scores-6ee0d/locations/us-central1/operations/operation-1783263825022-655de76d4cc5e-0863a4f1-a87f6def {"name":"projects/molkky-scores-6ee0d/locations/us-central1/operations/operation-1783263825022-655de76d4cc5e-0863a4f1-a87f6def","metadata":{"@type":"type.googleapis.com/google.cloud.functions.v2.OperationMetadata","createTime":"2026-07-05T15:03:46.918998029Z","target":"projects/molkky-scores-6ee0d/locations/us-central1/functions/validatePurchase","verb":"create","cancelRequested":false,"apiVersion":"v2","requestResource":{"@type":"type.googleapis.com/google.cloud.functions.v2.Function","name":"projects/molkky-scores-6ee0d/locations/us-central1/functions/validatePurchase","buildConfig":{"runtime":"nodejs22","entryPoint":"validatePurchase","source":{"storageSource":{"bucket":"gcf-v2-sources-653554845937-us-central1","object":"validatePurchase/function-source.zip","generation":"1783263826332736"}},"environmentVariables":{"GOOGLE_NODE_RUN_SCRIPTS":""},"serviceAccount":"projects/molkky-scores-6ee0d/serviceAccounts/653554845937-compute@developer.gserviceaccount.com","automaticUpdatePolicy":{}},"serviceConfig":{"service":"projects/molkky-scores-6ee0d/locations/us-central1/services/validatepurchase","timeoutSeconds":60,"environmentVariables":{"FIREBASE_CONFIG":"{\"projectId\":\"molkky-scores-6ee0d\",\"storageBucket\":\"molkky-scores-6ee0d.firebasestorage.app\"}","GCLOUD_PROJECT":"molkky-scores-6ee0d","EVENTARC_CLOUD_EVENT_SOURCE":"projects/molkky-scores-6ee0d/locations/us-central1/services/validatePurchase","FUNCTION_TARGET":"validatePurchase","LOG_EXECUTION_ID":"true"},"ingressSettings":"ALLOW_ALL","serviceAccountEmail":"653554845937-compute@developer.gserviceaccount.com","availableMemory":"256Mi","maxInstanceRequestConcurrency":80,"availableCpu":"1"},"labels":{"deployment-tool":"cli-firebase","deployment-callable":"true","firebase-functions-hash":"984f34b684560c975c8335c868181134053f8615"},"environment":"GEN_2"},"stages":[{"name":"BUILD","message":"Build in progress","state":"IN_PROGRESS","resource":"projects/653554845937/locations/us-central1/builds/bea265b1-594c-4cf5-89e0-9282e4ac6b56","resourceUri":"https://console.cloud.google.com/cloud-build/builds;region=us-central1/bea265b1-594c-4cf5-89e0-9282e4ac6b56?project=653554845937"},{"name":"SERVICE","state":"NOT_STARTED"}],"operationType":"CREATE_FUNCTION","buildName":"projects/653554845937/locations/us-central1/builds/bea265b1-594c-4cf5-89e0-9282e4ac6b56"},"done":false}
[debug] [2026-07-05T15:04:44.419Z] [create-default-us-central1-validatePurchase] Retrying task index 0
[debug] [2026-07-05T15:04:44.425Z] Checked if tokens are valid: true, expires at: 1783267361308
[debug] [2026-07-05T15:04:44.426Z] Checked if tokens are valid: true, expires at: 1783267361308
[debug] [2026-07-05T15:04:44.427Z] >>> [apiv2][query] GET https://cloudfunctions.googleapis.com/v2/projects/molkky-scores-6ee0d/locations/us-central1/operations/operation-1783263825022-655de76d4cc5e-0863a4f1-a87f6def [none]
[debug] [2026-07-05T15:04:44.710Z] <<< [apiv2][status] GET https://cloudfunctions.googleapis.com/v2/projects/molkky-scores-6ee0d/locations/us-central1/operations/operation-1783263825022-655de76d4cc5e-0863a4f1-a87f6def 200
[debug] [2026-07-05T15:04:44.710Z] <<< [apiv2][body] GET https://cloudfunctions.googleapis.com/v2/projects/molkky-scores-6ee0d/locations/us-central1/operations/operation-1783263825022-655de76d4cc5e-0863a4f1-a87f6def {"name":"projects/molkky-scores-6ee0d/locations/us-central1/operations/operation-1783263825022-655de76d4cc5e-0863a4f1-a87f6def","metadata":{"@type":"type.googleapis.com/google.cloud.functions.v2.OperationMetadata","createTime":"2026-07-05T15:03:46.918998029Z","target":"projects/molkky-scores-6ee0d/locations/us-central1/functions/validatePurchase","verb":"create","cancelRequested":false,"apiVersion":"v2","requestResource":{"@type":"type.googleapis.com/google.cloud.functions.v2.Function","name":"projects/molkky-scores-6ee0d/locations/us-central1/functions/validatePurchase","buildConfig":{"runtime":"nodejs22","entryPoint":"validatePurchase","source":{"storageSource":{"bucket":"gcf-v2-sources-653554845937-us-central1","object":"validatePurchase/function-source.zip","generation":"1783263826332736"}},"environmentVariables":{"GOOGLE_NODE_RUN_SCRIPTS":""},"serviceAccount":"projects/molkky-scores-6ee0d/serviceAccounts/653554845937-compute@developer.gserviceaccount.com","automaticUpdatePolicy":{}},"serviceConfig":{"service":"projects/molkky-scores-6ee0d/locations/us-central1/services/validatepurchase","timeoutSeconds":60,"environmentVariables":{"FIREBASE_CONFIG":"{\"projectId\":\"molkky-scores-6ee0d\",\"storageBucket\":\"molkky-scores-6ee0d.firebasestorage.app\"}","GCLOUD_PROJECT":"molkky-scores-6ee0d","EVENTARC_CLOUD_EVENT_SOURCE":"projects/molkky-scores-6ee0d/locations/us-central1/services/validatePurchase","FUNCTION_TARGET":"validatePurchase","LOG_EXECUTION_ID":"true"},"ingressSettings":"ALLOW_ALL","serviceAccountEmail":"653554845937-compute@developer.gserviceaccount.com","availableMemory":"256Mi","maxInstanceRequestConcurrency":80,"availableCpu":"1"},"labels":{"deployment-tool":"cli-firebase","deployment-callable":"true","firebase-functions-hash":"984f34b684560c975c8335c868181134053f8615"},"environment":"GEN_2"},"stages":[{"name":"BUILD","message":"Build in progress","state":"IN_PROGRESS","resource":"projects/653554845937/locations/us-central1/builds/bea265b1-594c-4cf5-89e0-9282e4ac6b56","resourceUri":"https://console.cloud.google.com/cloud-build/builds;region=us-central1/bea265b1-594c-4cf5-89e0-9282e4ac6b56?project=653554845937"},{"name":"SERVICE","state":"NOT_STARTED"}],"operationType":"CREATE_FUNCTION","buildName":"projects/653554845937/locations/us-central1/builds/bea265b1-594c-4cf5-89e0-9282e4ac6b56"},"done":false}
[debug] [2026-07-05T15:04:54.712Z] [create-default-us-central1-validatePurchase] Retrying task index 0
[debug] [2026-07-05T15:04:54.712Z] Checked if tokens are valid: true, expires at: 1783267361308
[debug] [2026-07-05T15:04:54.712Z] Checked if tokens are valid: true, expires at: 1783267361308
[debug] [2026-07-05T15:04:54.713Z] >>> [apiv2][query] GET https://cloudfunctions.googleapis.com/v2/projects/molkky-scores-6ee0d/locations/us-central1/operations/operation-1783263825022-655de76d4cc5e-0863a4f1-a87f6def [none]
[debug] [2026-07-05T15:04:54.850Z] <<< [apiv2][status] GET https://cloudfunctions.googleapis.com/v2/projects/molkky-scores-6ee0d/locations/us-central1/operations/operation-1783263825022-655de76d4cc5e-0863a4f1-a87f6def 200
[debug] [2026-07-05T15:04:54.850Z] <<< [apiv2][body] GET https://cloudfunctions.googleapis.com/v2/projects/molkky-scores-6ee0d/locations/us-central1/operations/operation-1783263825022-655de76d4cc5e-0863a4f1-a87f6def {"name":"projects/molkky-scores-6ee0d/locations/us-central1/operations/operation-1783263825022-655de76d4cc5e-0863a4f1-a87f6def","metadata":{"@type":"type.googleapis.com/google.cloud.functions.v2.OperationMetadata","createTime":"2026-07-05T15:03:46.918998029Z","target":"projects/molkky-scores-6ee0d/locations/us-central1/functions/validatePurchase","verb":"create","cancelRequested":false,"apiVersion":"v2","requestResource":{"@type":"type.googleapis.com/google.cloud.functions.v2.Function","name":"projects/molkky-scores-6ee0d/locations/us-central1/functions/validatePurchase","buildConfig":{"runtime":"nodejs22","entryPoint":"validatePurchase","source":{"storageSource":{"bucket":"gcf-v2-sources-653554845937-us-central1","object":"validatePurchase/function-source.zip","generation":"1783263826332736"}},"environmentVariables":{"GOOGLE_NODE_RUN_SCRIPTS":""},"serviceAccount":"projects/molkky-scores-6ee0d/serviceAccounts/653554845937-compute@developer.gserviceaccount.com","automaticUpdatePolicy":{}},"serviceConfig":{"service":"projects/molkky-scores-6ee0d/locations/us-central1/services/validatepurchase","timeoutSeconds":60,"environmentVariables":{"FIREBASE_CONFIG":"{\"projectId\":\"molkky-scores-6ee0d\",\"storageBucket\":\"molkky-scores-6ee0d.firebasestorage.app\"}","GCLOUD_PROJECT":"molkky-scores-6ee0d","EVENTARC_CLOUD_EVENT_SOURCE":"projects/molkky-scores-6ee0d/locations/us-central1/services/validatePurchase","FUNCTION_TARGET":"validatePurchase","LOG_EXECUTION_ID":"true"},"ingressSettings":"ALLOW_ALL","serviceAccountEmail":"653554845937-compute@developer.gserviceaccount.com","availableMemory":"256Mi","maxInstanceRequestConcurrency":80,"availableCpu":"1"},"labels":{"deployment-tool":"cli-firebase","deployment-callable":"true","firebase-functions-hash":"984f34b684560c975c8335c868181134053f8615"},"environment":"GEN_2"},"stages":[{"name":"BUILD","message":"Build in progress","state":"IN_PROGRESS","resource":"projects/653554845937/locations/us-central1/builds/bea265b1-594c-4cf5-89e0-9282e4ac6b56","resourceUri":"https://console.cloud.google.com/cloud-build/builds;region=us-central1/bea265b1-594c-4cf5-89e0-9282e4ac6b56?project=653554845937"},{"name":"SERVICE","state":"NOT_STARTED"}],"operationType":"CREATE_FUNCTION","buildName":"projects/653554845937/locations/us-central1/builds/bea265b1-594c-4cf5-89e0-9282e4ac6b56"},"done":false}
[debug] [2026-07-05T15:05:04.851Z] [create-default-us-central1-validatePurchase] Retrying task index 0
[debug] [2026-07-05T15:05:04.851Z] Checked if tokens are valid: true, expires at: 1783267361308
[debug] [2026-07-05T15:05:04.851Z] Checked if tokens are valid: true, expires at: 1783267361308
[debug] [2026-07-05T15:05:04.851Z] >>> [apiv2][query] GET https://cloudfunctions.googleapis.com/v2/projects/molkky-scores-6ee0d/locations/us-central1/operations/operation-1783263825022-655de76d4cc5e-0863a4f1-a87f6def [none]
[debug] [2026-07-05T15:05:05.154Z] <<< [apiv2][status] GET https://cloudfunctions.googleapis.com/v2/projects/molkky-scores-6ee0d/locations/us-central1/operations/operation-1783263825022-655de76d4cc5e-0863a4f1-a87f6def 200
[debug] [2026-07-05T15:05:05.154Z] <<< [apiv2][body] GET https://cloudfunctions.googleapis.com/v2/projects/molkky-scores-6ee0d/locations/us-central1/operations/operation-1783263825022-655de76d4cc5e-0863a4f1-a87f6def {"name":"projects/molkky-scores-6ee0d/locations/us-central1/operations/operation-1783263825022-655de76d4cc5e-0863a4f1-a87f6def","metadata":{"@type":"type.googleapis.com/google.cloud.functions.v2.OperationMetadata","createTime":"2026-07-05T15:03:46.918998029Z","target":"projects/molkky-scores-6ee0d/locations/us-central1/functions/validatePurchase","verb":"create","cancelRequested":false,"apiVersion":"v2","requestResource":{"@type":"type.googleapis.com/google.cloud.functions.v2.Function","name":"projects/molkky-scores-6ee0d/locations/us-central1/functions/validatePurchase","buildConfig":{"runtime":"nodejs22","entryPoint":"validatePurchase","source":{"storageSource":{"bucket":"gcf-v2-sources-653554845937-us-central1","object":"validatePurchase/function-source.zip","generation":"1783263826332736"}},"environmentVariables":{"GOOGLE_NODE_RUN_SCRIPTS":""},"serviceAccount":"projects/molkky-scores-6ee0d/serviceAccounts/653554845937-compute@developer.gserviceaccount.com","automaticUpdatePolicy":{}},"serviceConfig":{"service":"projects/molkky-scores-6ee0d/locations/us-central1/services/validatepurchase","timeoutSeconds":60,"environmentVariables":{"FIREBASE_CONFIG":"{\"projectId\":\"molkky-scores-6ee0d\",\"storageBucket\":\"molkky-scores-6ee0d.firebasestorage.app\"}","GCLOUD_PROJECT":"molkky-scores-6ee0d","EVENTARC_CLOUD_EVENT_SOURCE":"projects/molkky-scores-6ee0d/locations/us-central1/services/validatePurchase","FUNCTION_TARGET":"validatePurchase","LOG_EXECUTION_ID":"true"},"ingressSettings":"ALLOW_ALL","serviceAccountEmail":"653554845937-compute@developer.gserviceaccount.com","availableMemory":"256Mi","maxInstanceRequestConcurrency":80,"availableCpu":"1"},"labels":{"deployment-tool":"cli-firebase","deployment-callable":"true","firebase-functions-hash":"984f34b684560c975c8335c868181134053f8615"},"environment":"GEN_2"},"stages":[{"name":"BUILD","message":"Build in progress","state":"IN_PROGRESS","resource":"projects/653554845937/locations/us-central1/builds/bea265b1-594c-4cf5-89e0-9282e4ac6b56","resourceUri":"https://console.cloud.google.com/cloud-build/builds;region=us-central1/bea265b1-594c-4cf5-89e0-9282e4ac6b56?project=653554845937"},{"name":"SERVICE","state":"NOT_STARTED"}],"operationType":"CREATE_FUNCTION","buildName":"projects/653554845937/locations/us-central1/builds/bea265b1-594c-4cf5-89e0-9282e4ac6b56"},"done":false}
[debug] [2026-07-05T15:05:15.155Z] [create-default-us-central1-validatePurchase] Retrying task index 0
[debug] [2026-07-05T15:05:15.155Z] Checked if tokens are valid: true, expires at: 1783267361308
[debug] [2026-07-05T15:05:15.155Z] Checked if tokens are valid: true, expires at: 1783267361308
[debug] [2026-07-05T15:05:15.155Z] >>> [apiv2][query] GET https://cloudfunctions.googleapis.com/v2/projects/molkky-scores-6ee0d/locations/us-central1/operations/operation-1783263825022-655de76d4cc5e-0863a4f1-a87f6def [none]
[debug] [2026-07-05T15:05:15.457Z] <<< [apiv2][status] GET https://cloudfunctions.googleapis.com/v2/projects/molkky-scores-6ee0d/locations/us-central1/operations/operation-1783263825022-655de76d4cc5e-0863a4f1-a87f6def 200
[debug] [2026-07-05T15:05:15.458Z] <<< [apiv2][body] GET https://cloudfunctions.googleapis.com/v2/projects/molkky-scores-6ee0d/locations/us-central1/operations/operation-1783263825022-655de76d4cc5e-0863a4f1-a87f6def {"name":"projects/molkky-scores-6ee0d/locations/us-central1/operations/operation-1783263825022-655de76d4cc5e-0863a4f1-a87f6def","metadata":{"@type":"type.googleapis.com/google.cloud.functions.v2.OperationMetadata","createTime":"2026-07-05T15:03:46.918998029Z","target":"projects/molkky-scores-6ee0d/locations/us-central1/functions/validatePurchase","verb":"create","cancelRequested":false,"apiVersion":"v2","requestResource":{"@type":"type.googleapis.com/google.cloud.functions.v2.Function","name":"projects/molkky-scores-6ee0d/locations/us-central1/functions/validatePurchase","buildConfig":{"runtime":"nodejs22","entryPoint":"validatePurchase","source":{"storageSource":{"bucket":"gcf-v2-sources-653554845937-us-central1","object":"validatePurchase/function-source.zip","generation":"1783263826332736"}},"environmentVariables":{"GOOGLE_NODE_RUN_SCRIPTS":""},"serviceAccount":"projects/molkky-scores-6ee0d/serviceAccounts/653554845937-compute@developer.gserviceaccount.com","automaticUpdatePolicy":{}},"serviceConfig":{"service":"projects/molkky-scores-6ee0d/locations/us-central1/services/validatepurchase","timeoutSeconds":60,"environmentVariables":{"FIREBASE_CONFIG":"{\"projectId\":\"molkky-scores-6ee0d\",\"storageBucket\":\"molkky-scores-6ee0d.firebasestorage.app\"}","GCLOUD_PROJECT":"molkky-scores-6ee0d","EVENTARC_CLOUD_EVENT_SOURCE":"projects/molkky-scores-6ee0d/locations/us-central1/services/validatePurchase","FUNCTION_TARGET":"validatePurchase","LOG_EXECUTION_ID":"true"},"ingressSettings":"ALLOW_ALL","serviceAccountEmail":"653554845937-compute@developer.gserviceaccount.com","availableMemory":"256Mi","maxInstanceRequestConcurrency":80,"availableCpu":"1"},"labels":{"deployment-tool":"cli-firebase","deployment-callable":"true","firebase-functions-hash":"984f34b684560c975c8335c868181134053f8615"},"environment":"GEN_2"},"stages":[{"name":"BUILD","message":"Build finished","state":"COMPLETE","resource":"projects/653554845937/locations/us-central1/builds/bea265b1-594c-4cf5-89e0-9282e4ac6b56","resourceUri":"https://console.cloud.google.com/cloud-build/builds;region=us-central1/bea265b1-594c-4cf5-89e0-9282e4ac6b56?project=653554845937"},{"name":"SERVICE","message":"Creating Cloud Run service","state":"IN_PROGRESS","resource":"projects/molkky-scores-6ee0d/locations/us-central1/services/validatepurchase","resourceUri":"https://console.cloud.google.com/run/detail/us-central1/validatepurchase?project=molkky-scores-6ee0d"}],"sourceToken":"Cldwcm9qZWN0cy82NTM1NTQ4NDU5MzcvbG9jYXRpb25zL3VzLWNlbnRyYWwxL2J1aWxkcy9iZWEyNjViMS01OTRjLTRjZjUtODllMC05MjgyZTRhYzZiNTYSfXVzLWNlbnRyYWwxLWRvY2tlci5wa2cuZGV2L21vbGtreS1zY29yZXMtNmVlMGQvZ2NmLWFydGlmYWN0cy9tb2xra3ktLXNjb3Jlcy0tNmVlMGRfX3VzLS1jZW50cmFsMV9fdmFsaWRhdGVfcHVyY2hhc2U6dmVyc2lvbl8xGPGRnteCEyJNcHJvamVjdHMvbW9sa2t5LXNjb3Jlcy02ZWUwZC9sb2NhdGlvbnMvdXMtY2VudHJhbDEvZnVuY3Rpb25zL3ZhbGlkYXRlUHVyY2hhc2UqCwiq5anSBhDIyNwqMghub2RlanMyMjp2CiNnY3IuaW8vZ2FlLXJ1bnRpbWVzL25vZGVqczIyOnN0YWJsZRJPdXMtY2VudHJhbDEtZG9ja2VyLnBrZy5kZXYvc2VydmVybGVzcy1ydW50aW1lcy9nb29nbGUtMjItZnVsbC9ydW50aW1lcy9ub2RlanMyMkAB","operationType":"CREATE_FUNCTION","buildName":"projects/653554845937/locations/us-central1/builds/bea265b1-594c-4cf5-89e0-9282e4ac6b56"},"done":false}
[debug] [2026-07-05T15:05:15.458Z] Got source token Cldwcm9qZWN0cy82NTM1NTQ4NDU5MzcvbG9jYXRpb25zL3VzLWNlbnRyYWwxL2J1aWxkcy9iZWEyNjViMS01OTRjLTRjZjUtODllMC05MjgyZTRhYzZiNTYSfXVzLWNlbnRyYWwxLWRvY2tlci5wa2cuZGV2L21vbGtreS1zY29yZXMtNmVlMGQvZ2NmLWFydGlmYWN0cy9tb2xra3ktLXNjb3Jlcy0tNmVlMGRfX3VzLS1jZW50cmFsMV9fdmFsaWRhdGVfcHVyY2hhc2U6dmVyc2lvbl8xGPGRnteCEyJNcHJvamVjdHMvbW9sa2t5LXNjb3Jlcy02ZWUwZC9sb2NhdGlvbnMvdXMtY2VudHJhbDEvZnVuY3Rpb25zL3ZhbGlkYXRlUHVyY2hhc2UqCwiq5anSBhDIyNwqMghub2RlanMyMjp2CiNnY3IuaW8vZ2FlLXJ1bnRpbWVzL25vZGVqczIyOnN0YWJsZRJPdXMtY2VudHJhbDEtZG9ja2VyLnBrZy5kZXYvc2VydmVybGVzcy1ydW50aW1lcy9nb29nbGUtMjItZnVsbC9ydW50aW1lcy9ub2RlanMyMkAB for region us-central1
[debug] [2026-07-05T15:05:25.459Z] [create-default-us-central1-validatePurchase] Retrying task index 0
[debug] [2026-07-05T15:05:25.459Z] Checked if tokens are valid: true, expires at: 1783267361308
[debug] [2026-07-05T15:05:25.459Z] Checked if tokens are valid: true, expires at: 1783267361308
[debug] [2026-07-05T15:05:25.460Z] >>> [apiv2][query] GET https://cloudfunctions.googleapis.com/v2/projects/molkky-scores-6ee0d/locations/us-central1/operations/operation-1783263825022-655de76d4cc5e-0863a4f1-a87f6def [none]
[debug] [2026-07-05T15:05:25.647Z] <<< [apiv2][status] GET https://cloudfunctions.googleapis.com/v2/projects/molkky-scores-6ee0d/locations/us-central1/operations/operation-1783263825022-655de76d4cc5e-0863a4f1-a87f6def 200
[debug] [2026-07-05T15:05:25.648Z] <<< [apiv2][body] GET https://cloudfunctions.googleapis.com/v2/projects/molkky-scores-6ee0d/locations/us-central1/operations/operation-1783263825022-655de76d4cc5e-0863a4f1-a87f6def {"name":"projects/molkky-scores-6ee0d/locations/us-central1/operations/operation-1783263825022-655de76d4cc5e-0863a4f1-a87f6def","metadata":{"@type":"type.googleapis.com/google.cloud.functions.v2.OperationMetadata","createTime":"2026-07-05T15:03:46.918998029Z","target":"projects/molkky-scores-6ee0d/locations/us-central1/functions/validatePurchase","verb":"create","cancelRequested":false,"apiVersion":"v2","requestResource":{"@type":"type.googleapis.com/google.cloud.functions.v2.Function","name":"projects/molkky-scores-6ee0d/locations/us-central1/functions/validatePurchase","buildConfig":{"runtime":"nodejs22","entryPoint":"validatePurchase","source":{"storageSource":{"bucket":"gcf-v2-sources-653554845937-us-central1","object":"validatePurchase/function-source.zip","generation":"1783263826332736"}},"environmentVariables":{"GOOGLE_NODE_RUN_SCRIPTS":""},"serviceAccount":"projects/molkky-scores-6ee0d/serviceAccounts/653554845937-compute@developer.gserviceaccount.com","automaticUpdatePolicy":{}},"serviceConfig":{"service":"projects/molkky-scores-6ee0d/locations/us-central1/services/validatepurchase","timeoutSeconds":60,"environmentVariables":{"FIREBASE_CONFIG":"{\"projectId\":\"molkky-scores-6ee0d\",\"storageBucket\":\"molkky-scores-6ee0d.firebasestorage.app\"}","GCLOUD_PROJECT":"molkky-scores-6ee0d","EVENTARC_CLOUD_EVENT_SOURCE":"projects/molkky-scores-6ee0d/locations/us-central1/services/validatePurchase","FUNCTION_TARGET":"validatePurchase","LOG_EXECUTION_ID":"true"},"ingressSettings":"ALLOW_ALL","serviceAccountEmail":"653554845937-compute@developer.gserviceaccount.com","availableMemory":"256Mi","maxInstanceRequestConcurrency":80,"availableCpu":"1"},"labels":{"deployment-tool":"cli-firebase","deployment-callable":"true","firebase-functions-hash":"984f34b684560c975c8335c868181134053f8615"},"environment":"GEN_2"},"stages":[{"name":"BUILD","message":"Build finished","state":"COMPLETE","resource":"projects/653554845937/locations/us-central1/builds/bea265b1-594c-4cf5-89e0-9282e4ac6b56","resourceUri":"https://console.cloud.google.com/cloud-build/builds;region=us-central1/bea265b1-594c-4cf5-89e0-9282e4ac6b56?project=653554845937"},{"name":"SERVICE","message":"Creating Cloud Run service","state":"IN_PROGRESS","resource":"projects/molkky-scores-6ee0d/locations/us-central1/services/validatepurchase","resourceUri":"https://console.cloud.google.com/run/detail/us-central1/validatepurchase?project=molkky-scores-6ee0d"}],"sourceToken":"Cldwcm9qZWN0cy82NTM1NTQ4NDU5MzcvbG9jYXRpb25zL3VzLWNlbnRyYWwxL2J1aWxkcy9iZWEyNjViMS01OTRjLTRjZjUtODllMC05MjgyZTRhYzZiNTYSfXVzLWNlbnRyYWwxLWRvY2tlci5wa2cuZGV2L21vbGtreS1zY29yZXMtNmVlMGQvZ2NmLWFydGlmYWN0cy9tb2xra3ktLXNjb3Jlcy0tNmVlMGRfX3VzLS1jZW50cmFsMV9fdmFsaWRhdGVfcHVyY2hhc2U6dmVyc2lvbl8xGPGRnteCEyJNcHJvamVjdHMvbW9sa2t5LXNjb3Jlcy02ZWUwZC9sb2NhdGlvbnMvdXMtY2VudHJhbDEvZnVuY3Rpb25zL3ZhbGlkYXRlUHVyY2hhc2UqCwiq5anSBhDIyNwqMghub2RlanMyMjp2CiNnY3IuaW8vZ2FlLXJ1bnRpbWVzL25vZGVqczIyOnN0YWJsZRJPdXMtY2VudHJhbDEtZG9ja2VyLnBrZy5kZXYvc2VydmVybGVzcy1ydW50aW1lcy9nb29nbGUtMjItZnVsbC9ydW50aW1lcy9ub2RlanMyMkAB","operationType":"CREATE_FUNCTION","buildName":"projects/653554845937/locations/us-central1/builds/bea265b1-594c-4cf5-89e0-9282e4ac6b56"},"done":false}
[debug] [2026-07-05T15:05:25.648Z] Got source token Cldwcm9qZWN0cy82NTM1NTQ4NDU5MzcvbG9jYXRpb25zL3VzLWNlbnRyYWwxL2J1aWxkcy9iZWEyNjViMS01OTRjLTRjZjUtODllMC05MjgyZTRhYzZiNTYSfXVzLWNlbnRyYWwxLWRvY2tlci5wa2cuZGV2L21vbGtreS1zY29yZXMtNmVlMGQvZ2NmLWFydGlmYWN0cy9tb2xra3ktLXNjb3Jlcy0tNmVlMGRfX3VzLS1jZW50cmFsMV9fdmFsaWRhdGVfcHVyY2hhc2U6dmVyc2lvbl8xGPGRnteCEyJNcHJvamVjdHMvbW9sa2t5LXNjb3Jlcy02ZWUwZC9sb2NhdGlvbnMvdXMtY2VudHJhbDEvZnVuY3Rpb25zL3ZhbGlkYXRlUHVyY2hhc2UqCwiq5anSBhDIyNwqMghub2RlanMyMjp2CiNnY3IuaW8vZ2FlLXJ1bnRpbWVzL25vZGVqczIyOnN0YWJsZRJPdXMtY2VudHJhbDEtZG9ja2VyLnBrZy5kZXYvc2VydmVybGVzcy1ydW50aW1lcy9nb29nbGUtMjItZnVsbC9ydW50aW1lcy9ub2RlanMyMkAB for region us-central1
